core_cm4.h:1037:22:NVIC_SetPriorityGrouping	24	static
main.c:185:5:main	16	static
main.c:222:13:Manager_Task	24	static
main.c:255:13:Blue_LED_Controller_Task	24	static
main.c:283:13:Green_LED_Controller_Task	24	static
main.c:310:13:Red_LED_Controller_Task	24	static
main.c:338:13:Amber_LED_Controller_Task	24	static
main.c:366:6:vApplicationMallocFailedHook	4	static
main.c:380:6:vApplicationStackOverflowHook	16	static
main.c:394:6:vApplicationIdleHook	16	static
main.c:416:13:prvSetupHardware	8	static
