Archive member included to satisfy reference by file (symbol)

c:/program files (x86)/atollic/truestudio for stm32 9.1.0/armtools/bin/../lib/gcc/arm-atollic-eabi/6.3.1/../../../../arm-atollic-eabi/lib/armv7e-m/softfp\libc_nano.a(lib_a-init.o)
                              src\startup_stm32f4xx.o (__libc_init_array)
c:/program files (x86)/atollic/truestudio for stm32 9.1.0/armtools/bin/../lib/gcc/arm-atollic-eabi/6.3.1/../../../../arm-atollic-eabi/lib/armv7e-m/softfp\libc_nano.a(lib_a-memcpy-stub.o)
                              FreeRTOS_Source\queue.o (memcpy)
c:/program files (x86)/atollic/truestudio for stm32 9.1.0/armtools/bin/../lib/gcc/arm-atollic-eabi/6.3.1/../../../../arm-atollic-eabi/lib/armv7e-m/softfp\libc_nano.a(lib_a-memset.o)
                              FreeRTOS_Source\tasks.o (memset)
c:/program files (x86)/atollic/truestudio for stm32 9.1.0/armtools/bin/../lib/gcc/arm-atollic-eabi/6.3.1/../../../../arm-atollic-eabi/lib/armv7e-m/softfp\libnosys.a(write.o)
                              src\tiny_printf.o (_write)
c:/program files (x86)/atollic/truestudio for stm32 9.1.0/armtools/bin/../lib/gcc/arm-atollic-eabi/6.3.1/../../../../arm-atollic-eabi/lib/armv7e-m/softfp\libnosys.a(errno.o)
                              c:/program files (x86)/atollic/truestudio for stm32 9.1.0/armtools/bin/../lib/gcc/arm-atollic-eabi/6.3.1/../../../../arm-atollic-eabi/lib/armv7e-m/softfp\libnosys.a(write.o) (errno)

Allocating common symbols
Common symbol       size              file

CurrentPos          0x4               Utilities\STM32F4-Discovery\stm32f4_discovery_audio_codec.o
errno               0x4               c:/program files (x86)/atollic/truestudio for stm32 9.1.0/armtools/bin/../lib/gcc/arm-atollic-eabi/6.3.1/../../../../arm-atollic-eabi/lib/armv7e-m/softfp\libnosys.a(errno.o)
xQueueRegistry      0x40              FreeRTOS_Source\queue.o
AUDIO_MAL_DMA_InitStructure
                    0x3c              Utilities\STM32F4-Discovery\stm32f4_discovery_audio_codec.o
NVIC_InitStructure  0x4               Utilities\STM32F4-Discovery\stm32f4_discovery.o
DMA_InitStructure   0x3c              Utilities\STM32F4-Discovery\stm32f4_discovery_audio_codec.o

Discarded input sections

 .text          0x00000000        0x0 c:/program files (x86)/atollic/truestudio for stm32 9.1.0/armtools/bin/../lib/gcc/arm-atollic-eabi/6.3.1/armv7e-m/softfp/crti.o
 .data          0x00000000        0x0 c:/program files (x86)/atollic/truestudio for stm32 9.1.0/armtools/bin/../lib/gcc/arm-atollic-eabi/6.3.1/armv7e-m/softfp/crti.o
 .bss           0x00000000        0x0 c:/program files (x86)/atollic/truestudio for stm32 9.1.0/armtools/bin/../lib/gcc/arm-atollic-eabi/6.3.1/armv7e-m/softfp/crti.o
 .data          0x00000000        0x4 c:/program files (x86)/atollic/truestudio for stm32 9.1.0/armtools/bin/../lib/gcc/arm-atollic-eabi/6.3.1/armv7e-m/softfp/crtbegin.o
 .text          0x00000000        0x0 FreeRTOS_Source\croutine.o
 .data          0x00000000        0x0 FreeRTOS_Source\croutine.o
 .bss           0x00000000        0x0 FreeRTOS_Source\croutine.o
 .debug_info    0x00000000       0x9a FreeRTOS_Source\croutine.o
 .debug_abbrev  0x00000000       0x44 FreeRTOS_Source\croutine.o
 .debug_aranges
                0x00000000       0x18 FreeRTOS_Source\croutine.o
 .debug_line    0x00000000      0x11d FreeRTOS_Source\croutine.o
 .debug_str     0x00000000      0x225 FreeRTOS_Source\croutine.o
 .comment       0x00000000       0x7d FreeRTOS_Source\croutine.o
 .ARM.attributes
                0x00000000       0x37 FreeRTOS_Source\croutine.o
 .text          0x00000000        0x0 FreeRTOS_Source\event_groups.o
 .data          0x00000000        0x0 FreeRTOS_Source\event_groups.o
 .bss           0x00000000        0x0 FreeRTOS_Source\event_groups.o
 .text.xEventGroupCreate
                0x00000000       0x2e FreeRTOS_Source\event_groups.o
 .text.xEventGroupSync
                0x00000000      0x154 FreeRTOS_Source\event_groups.o
 .text.xEventGroupWaitBits
                0x00000000      0x190 FreeRTOS_Source\event_groups.o
 .text.xEventGroupClearBits
                0x00000000       0x6c FreeRTOS_Source\event_groups.o
 .text.xEventGroupGetBitsFromISR
                0x00000000       0x46 FreeRTOS_Source\event_groups.o
 .text.xEventGroupSetBits
                0x00000000      0x112 FreeRTOS_Source\event_groups.o
 .text.vEventGroupDelete
                0x00000000       0x60 FreeRTOS_Source\event_groups.o
 .text.vEventGroupSetBitsCallback
                0x00000000       0x1a FreeRTOS_Source\event_groups.o
 .text.vEventGroupClearBitsCallback
                0x00000000       0x1a FreeRTOS_Source\event_groups.o
 .text.prvTestWaitCondition
                0x00000000       0x44 FreeRTOS_Source\event_groups.o
 .debug_info    0x00000000     0x1094 FreeRTOS_Source\event_groups.o
 .debug_abbrev  0x00000000      0x2d0 FreeRTOS_Source\event_groups.o
 .debug_aranges
                0x00000000       0x68 FreeRTOS_Source\event_groups.o
[...]
Memory Configuration

Name             Origin             Length             Attributes
FLASH            0x08000000         0x00100000         xr
RAM              0x20000000         0x00020000         xrw
MEMORY_B1        0x60000000         0x00000000         xr
CCMRAM           0x10000000         0x00010000         rw
*default*        0x00000000         0xffffffff

Linker script and memory map

LOAD c:/program files (x86)/atollic/truestudio for stm32 9.1.0/armtools/bin/../lib/gcc/arm-atollic-eabi/6.3.1/armv7e-m/softfp/crti.o
LOAD c:/program files (x86)/atollic/truestudio for stm32 9.1.0/armtools/bin/../lib/gcc/arm-atollic-eabi/6.3.1/armv7e-m/softfp/crtbegin.o
LOAD FreeRTOS_Source\croutine.o
LOAD FreeRTOS_Source\event_groups.o
LOAD FreeRTOS_Source\list.o
LOAD FreeRTOS_Source\portable\GCC\ARM_CM4F\port.o
LOAD FreeRTOS_Source\portable\MemMang\heap_1.o
LOAD FreeRTOS_Source\queue.o
LOAD FreeRTOS_Source\tasks.o
LOAD FreeRTOS_Source\timers.o
LOAD Libraries\STM32F4xx_StdPeriph_Driver\src\misc.o
LOAD Libraries\STM32F4xx_StdPeriph_Driver\src\stm32f4xx_adc.o
LOAD Libraries\STM32F4xx_StdPeriph_Driver\src\stm32f4xx_can.o
LOAD Libraries\STM32F4xx_StdPeriph_Driver\src\stm32f4xx_crc.o
LOAD Libraries\STM32F4xx_StdPeriph_Driver\src\stm32f4xx_cryp.o
LOAD Libraries\STM32F4xx_StdPeriph_Driver\src\stm32f4xx_cryp_aes.o
LOAD Libraries\STM32F4xx_StdPeriph_Driver\src\stm32f4xx_cryp_des.o
LOAD Libraries\STM32F4xx_StdPeriph_Driver\src\stm32f4xx_cryp_tdes.o
LOAD Libraries\STM32F4xx_StdPeriph_Driver\src\stm32f4xx_dac.o
LOAD Libraries\STM32F4xx_StdPeriph_Driver\src\stm32f4xx_dbgmcu.o
LOAD Libraries\STM32F4xx_StdPeriph_Driver\src\stm32f4xx_dcmi.o
LOAD Libraries\STM32F4xx_StdPeriph_Driver\src\stm32f4xx_dma.o
LOAD Libraries\STM32F4xx_StdPeriph_Driver\src\stm32f4xx_exti.o
LOAD Libraries\STM32F4xx_StdPeriph_Driver\src\stm32f4xx_flash.o
LOAD Libraries\STM32F4xx_StdPeriph_Driver\src\stm32f4xx_fsmc.o
LOAD Libraries\STM32F4xx_StdPeriph_Driver\src\stm32f4xx_gpio.o
LOAD Libraries\STM32F4xx_StdPeriph_Driver\src\stm32f4xx_hash.o
LOAD Libraries\STM32F4xx_StdPeriph_Driver\src\stm32f4xx_hash_md5.o
LOAD Libraries\STM32F4xx_StdPeriph_Driver\src\stm32f4xx_hash_sha1.o
LOAD Libraries\STM32F4xx_StdPeriph_Driver\src\stm32f4xx_i2c.o
LOAD Libraries\STM32F4xx_StdPeriph_Driver\src\stm32f4xx_iwdg.o
LOAD Libraries\STM32F4xx_StdPeriph_Driver\src\stm32f4xx_pwr.o
LOAD Libraries\STM32F4xx_StdPeriph_Driver\src\stm32f4xx_rcc.o
LOAD Libraries\STM32F4xx_StdPeriph_Driver\src\stm32f4xx_rng.o
LOAD Libraries\STM32F4xx_StdPeriph_Driver\src\stm32f4xx_rtc.o
LOAD Libraries\STM32F4xx_StdPeriph_Driver\src\stm32f4xx_sdio.o
LOAD Libraries\STM32F4xx_StdPeriph_Driver\src\stm32f4xx_spi.o
LOAD Libraries\STM32F4xx_StdPeriph_Driver\src\stm32f4xx_syscfg.o
LOAD Libraries\STM32F4xx_StdPeriph_Driver\src\stm32f4xx_tim.o
LOAD Libraries\STM32F4xx_StdPeriph_Driver\src\stm32f4xx_usart.o
LOAD Libraries\STM32F4xx_StdPeriph_Driver\src\stm32f4xx_wwdg.o
LOAD Utilities\STM32F4-Discovery\stm32f4_discovery.o
LOAD Utilities\STM32F4-Discovery\stm32f4_discovery_audio_codec.o
LOAD Utilities\STM32F4-Discovery\stm32f4_discovery_lis302dl.o
LOAD src\STM32F4-Discovery_callback.o
LOAD src\main.o
LOAD src\startup_stm32f4xx.o
LOAD src\stm32f4xx_it.o
LOAD src\system_stm32f4xx.o
LOAD src\tiny_printf.o
LOAD c:/program files (x86)/atollic/truestudio for stm32 9.1.0/armtools/bin/../lib/gcc/arm-atollic-eabi/6.3.1/../../../../arm-atollic-eabi/lib/armv7e-m/softfp\libm.a
                0x00000080                malloc_getpagesize_P = 0x80
START GROUP
LOAD c:/program files (x86)/atollic/truestudio for stm32 9.1.0/armtools/bin/../lib/gcc/arm-atollic-eabi/6.3.1/../../../../arm-atollic-eabi/lib/armv7e-m/softfp\libc_nano.a
LOAD c:/program files (x86)/atollic/truestudio for stm32 9.1.0/armtools/bin/../lib/gcc/arm-atollic-eabi/6.3.1/../../../../arm-atollic-eabi/lib/armv7e-m/softfp\libm.a
END GROUP
START GROUP
LOAD c:/program files (x86)/atollic/truestudio for stm32 9.1.0/armtools/bin/../lib/gcc/arm-atollic-eabi/6.3.1/armv7e-m/softfp\libgcc.a
LOAD c:/program files (x86)/atollic/truestudio for stm32 9.1.0/armtools/bin/../lib/gcc/arm-atollic-eabi/6.3.1/../../../../arm-atollic-eabi/lib/armv7e-m/softfp\libc_nano.a
END GROUP
START GROUP
LOAD c:/program files (x86)/atollic/truestudio for stm32 9.1.0/armtools/bin/../lib/gcc/arm-atollic-eabi/6.3.1/armv7e-m/softfp\libgcc.a
LOAD c:/program files (x86)/atollic/truestudio for stm32 9.1.0/armtools/bin/../lib/gcc/arm-atollic-eabi/6.3.1/../../../../arm-atollic-eabi/lib/armv7e-m/softfp\libc_nano.a
LOAD c:/program files (x86)/atollic/truestudio for stm32 9.1.0/armtools/bin/../lib/gcc/arm-atollic-eabi/6.3.1/../../../../arm-atollic-eabi/lib/armv7e-m/softfp\libnosys.a
END GROUP
START GROUP
LOAD c:/program files (x86)/atollic/truestudio for stm32 9.1.0/armtools/bin/../lib/gcc/arm-atollic-eabi/6.3.1/armv7e-m/softfp\libgcc.a
LOAD c:/program files (x86)/atollic/truestudio for stm32 9.1.0/armtools/bin/../lib/gcc/arm-atollic-eabi/6.3.1/../../../../arm-atollic-eabi/lib/armv7e-m/softfp\libc_nano.a
LOAD c:/program files (x86)/atollic/truestudio for stm32 9.1.0/armtools/bin/../lib/gcc/arm-atollic-eabi/6.3.1/../../../../arm-atollic-eabi/lib/armv7e-m/softfp\libnosys.a
END GROUP
LOAD c:/program files (x86)/atollic/truestudio for stm32 9.1.0/armtools/bin/../lib/gcc/arm-atollic-eabi/6.3.1/armv7e-m/softfp/crtend.o
LOAD c:/program files (x86)/atollic/truestudio for stm32 9.1.0/armtools/bin/../lib/gcc/arm-atollic-eabi/6.3.1/armv7e-m/softfp/crtn.o
                0x20020000                _estack = 0x20020000
                0x00000000                _Min_Heap_Size = 0x0
                0x00000400                _Min_Stack_Size = 0x400

.isr_vector     0x08000000      0x188
                0x08000000                . = ALIGN (0x4)
 *(.isr_vector)
 .isr_vector    0x08000000      0x188 src\startup_stm32f4xx.o
                0x08000000                g_pfnVectors
                0x08000188                . = ALIGN (0x4)

.text           0x08000190     0x2fe4
                0x08000190                . = ALIGN (0x4)
 *(.text)
 .text          0x08000190       0x40 c:/program files (x86)/atollic/truestudio for stm32 9.1.0/armtools/bin/../lib/gcc/arm-atollic-eabi/6.3.1/armv7e-m/softfp/crtbegin.o
 *(.text*)
 .text.vListInitialise
                0x080001d0       0x40 FreeRTOS_Source\list.o
                0x080001d0                vListInitialise
 .text.vListInitialiseItem
                0x08000210       0x1a FreeRTOS_Source\list.o
                0x08000210                vListInitialiseItem
 .text.vListInsertEnd
                0x0800022a       0x48 FreeRTOS_Source\list.o
                0x0800022a                vListInsertEnd
 .text.vListInsert
                0x08000272       0x72 FreeRTOS_Source\list.o
                0x08000272                vListInsert
 .text.uxListRemove
                0x080002e4       0x54 FreeRTOS_Source\list.o
                0x080002e4                uxListRemove
 .text.pxPortInitialiseStack
                0x08000338       0x68 FreeRTOS_Source\portable\GCC\ARM_CM4F\port.o
                0x08000338                pxPortInitialiseStack
 .text.prvTaskExitError
                0x080003a0       0x3c FreeRTOS_Source\portable\GCC\ARM_CM4F\port.o
 *fill*         0x080003dc        0x4 
 .text.SVC_Handler
                0x080003e0       0x28 FreeRTOS_Source\portable\GCC\ARM_CM4F\port.o
                0x080003e0                SVC_Handler
 .text.prvPortStartFirstTask
                0x08000408       0x20 FreeRTOS_Source\portable\GCC\ARM_CM4F\port.o
 .text.xPortStartScheduler
                0x08000428      0x118 FreeRTOS_Source\portable\GCC\ARM_CM4F\port.o
                0x08000428                xPortStartScheduler
 .text.vPortEnterCritical
                0x08000540       0x5c FreeRTOS_Source\portable\GCC\ARM_CM4F\port.o
                0x08000540                vPortEnterCritical
 .text.vPortExitCritical
                0x0800059c       0x50 FreeRTOS_Source\portable\GCC\ARM_CM4F\port.o
                0x0800059c                vPortExitCritical
 *fill*         0x080005ec        0x4 
 .text.PendSV_Handler
                0x080005f0       0x68 FreeRTOS_Source\portable\GCC\ARM_CM4F\port.o
                0x080005f0                PendSV_Handler
 .text.SysTick_Handler
                0x08000658       0x40 FreeRTOS_Source\portable\GCC\ARM_CM4F\port.o
                0x08000658                SysTick_Handler
 .text.vPortSetupTimerInterrupt
                0x08000698       0x38 FreeRTOS_Source\portable\GCC\ARM_CM4F\port.o
                0x08000698                vPortSetupTimerInterrupt
 .text.vPortEnableVFP
                0x080006d0       0x14 FreeRTOS_Source\portable\GCC\ARM_CM4F\port.o
 .text.vPortValidateInterruptPriority
                0x080006e4       0x7c FreeRTOS_Source\portable\GCC\ARM_CM4F\port.o
                0x080006e4                vPortValidateInterruptPriority
 .text.pvPortMalloc
                0x08000760       0x94 FreeRTOS_Source\portable\MemMang\heap_1.o
                0x08000760                pvPortMalloc
 .text.vPortFree
                0x080007f4       0x2e FreeRTOS_Source\portable\MemMang\heap_1.o
                0x080007f4                vPortFree
 *fill*         0x08000822        0x2 
 .text.xPortGetFreeHeapSize
                0x08000824       0x1c FreeRTOS_Source\portable\MemMang\heap_1.o
                0x08000824                xPortGetFreeHeapSize
 .text.xQueueGenericReset
                0x08000840       0xd0 FreeRTOS_Source\queue.o
                0x08000840                xQueueGenericReset
 .text.xQueueGenericCreate
                0x08000910       0x72 FreeRTOS_Source\queue.o
                0x08000910                xQueueGenericCreate
 .text.prvInitialiseNewQueue
                0x08000982       0x3e FreeRTOS_Source\queue.o
 .text.xQueueGenericSend
                0x080009c0      0x1f4 FreeRTOS_Source\queue.o
                0x080009c0                xQueueGenericSend
 .text.xQueueGenericSendFromISR
                0x08000bb4      0x128 FreeRTOS_Source\queue.o
                0x08000bb4                xQueueGenericSendFromISR
 .text.xQueueGiveFromISR
                0x08000cdc      0x112 FreeRTOS_Source\queue.o
                0x08000cdc                xQueueGiveFromISR
 *fill*         0x08000dee        0x2 
 .text.xQueueGenericReceive
                0x08000df0      0x224 FreeRTOS_Source\queue.o
                0x08000df0                xQueueGenericReceive
 .text.prvCopyDataToQueue
                0x08001014       0xd4 FreeRTOS_Source\queue.o
 .text.prvCopyDataFromQueue
                0x080010e8       0x4c FreeRTOS_Source\queue.o
 .text.prvUnlockQueue
                0x08001134       0xa4 FreeRTOS_Source\queue.o
 .text.prvIsQueueEmpty
                0x080011d8       0x2c FreeRTOS_Source\queue.o
 .text.prvIsQueueFull
                0x08001204       0x30 FreeRTOS_Source\queue.o
 .text.vQueueAddToRegistry
                0x08001234       0x50 FreeRTOS_Source\queue.o
                0x08001234                vQueueAddToRegistry
 .text.vQueueWaitForMessageRestricted
                0x08001284       0x68 FreeRTOS_Source\queue.o
                0x08001284                vQueueWaitForMessageRestricted
 .text.xTaskCreate
                0x080012ec       0x82 FreeRTOS_Source\tasks.o
                0x080012ec                xTaskCreate
 .text.prvInitialiseNewTask
                0x0800136e      0x10c FreeRTOS_Source\tasks.o
 *fill*         0x0800147a        0x2 
 .text.prvAddNewTaskToReadyList
                0x0800147c       0xd4 FreeRTOS_Source\tasks.o
 .text.vTaskDelayUntil
                0x08001550       0xf4 FreeRTOS_Source\tasks.o
                0x08001550                vTaskDelayUntil
 .text.vTaskStartScheduler
                0x08001644       0x98 FreeRTOS_Source\tasks.o
                0x08001644                vTaskStartScheduler
 .text.vTaskSuspendAll
                0x080016dc       0x1c FreeRTOS_Source\tasks.o
                0x080016dc                vTaskSuspendAll
 .text.xTaskResumeAll
                0x080016f8      0x138 FreeRTOS_Source\tasks.o
                0x080016f8                xTaskResumeAll
 .text.xTaskGetTickCount
                0x08001830       0x20 FreeRTOS_Source\tasks.o
                0x08001830                xTaskGetTickCount
 .text.xTaskIncrementTick
                0x08001850      0x188 FreeRTOS_Source\tasks.o
                0x08001850                xTaskIncrementTick
 .text.vTaskSwitchContext
                0x080019d8      0x100 FreeRTOS_Source\tasks.o
                0x080019d8                vTaskSwitchContext
 .text.vTaskPlaceOnEventList
                0x08001ad8       0x48 FreeRTOS_Source\tasks.o
                0x08001ad8                vTaskPlaceOnEventList
 .text.vTaskPlaceOnEventListRestricted
                0x08001b20       0x54 FreeRTOS_Source\tasks.o
                0x08001b20                vTaskPlaceOnEventListRestricted
 .text.xTaskRemoveFromEventList
                0x08001b74       0xc4 FreeRTOS_Source\tasks.o
                0x08001b74                xTaskRemoveFromEventList
 .text.vTaskSetTimeOutState
                0x08001c38       0x48 FreeRTOS_Source\tasks.o
                0x08001c38                vTaskSetTimeOutState
 .text.xTaskCheckForTimeOut
                0x08001c80       0xbc FreeRTOS_Source\tasks.o
                0x08001c80                xTaskCheckForTimeOut
 .text.vTaskMissedYield
                0x08001d3c       0x18 FreeRTOS_Source\tasks.o
                0x08001d3c                vTaskMissedYield
 .text.prvIdleTask
                0x08001d54       0x34 FreeRTOS_Source\tasks.o
 .text.prvInitialiseTaskLists
                0x08001d88       0x80 FreeRTOS_Source\tasks.o
 .text.prvCheckTasksWaitingTermination
                0x08001e08       0x78 FreeRTOS_Source\tasks.o
 .text.prvDeleteTCB
                0x08001e80       0x20 FreeRTOS_Source\tasks.o
 .text.prvResetNextTaskUnblockTime
                0x08001ea0       0x4c FreeRTOS_Source\tasks.o
 .text.xTaskGetSchedulerState
                0x08001eec       0x3c FreeRTOS_Source\tasks.o
                0x08001eec                xTaskGetSchedulerState
 .text.vTaskPriorityInherit
                0x08001f28       0xec FreeRTOS_Source\tasks.o
                0x08001f28                vTaskPriorityInherit
 .text.xTaskPriorityDisinherit
                0x08002014      0x108 FreeRTOS_Source\tasks.o
                0x08002014                xTaskPriorityDisinherit
 .text.pvTaskIncrementMutexHeldCount
                0x0800211c       0x28 FreeRTOS_Source\tasks.o
                0x0800211c                pvTaskIncrementMutexHeldCount
 .text.prvAddCurrentTaskToDelayedList
                0x08002144       0xcc FreeRTOS_Source\tasks.o
 .text.xTimerCreateTimerTask
                0x08002210       0x64 FreeRTOS_Source\timers.o
                0x08002210                xTimerCreateTimerTask
 .text.xTimerCreate
                0x08002274       0x3a FreeRTOS_Source\timers.o
                0x08002274                xTimerCreate
 .text.prvInitialiseNewTimer
                0x080022ae       0x62 FreeRTOS_Source\timers.o
 .text.xTimerGenericCommand
                0x08002310       0x98 FreeRTOS_Source\timers.o
                0x08002310                xTimerGenericCommand
 .text.prvProcessExpiredTimer
                0x080023a8       0x80 FreeRTOS_Source\timers.o
 .text.prvTimerTask
                0x08002428       0x24 FreeRTOS_Source\timers.o
 .text.prvProcessTimerOrBlockTask
                0x0800244c       0x9c FreeRTOS_Source\timers.o
 .text.prvGetNextExpireTime
                0x080024e8       0x48 FreeRTOS_Source\timers.o
 .text.prvSampleTimeNow
                0x08002530       0x40 FreeRTOS_Source\timers.o
 .text.prvInsertTimerInActiveList
                0x08002570       0x84 FreeRTOS_Source\timers.o
 .text.prvProcessReceivedCommands
                0x080025f4      0x124 FreeRTOS_Source\timers.o
 .text.prvSwitchTimerLists
                0x08002718       0xc0 FreeRTOS_Source\timers.o
 .text.prvCheckForValidListAndQueue
                0x080027d8       0x6c FreeRTOS_Source\timers.o
 .text.DAC_SetChannel1Data
                0x08002844       0x38 Libraries\STM32F4xx_StdPeriph_Driver\src\stm32f4xx_dac.o
                0x08002844                DAC_SetChannel1Data
 .text.DMA_Init
                0x0800287c       0xb0 Libraries\STM32F4xx_StdPeriph_Driver\src\stm32f4xx_dma.o
                0x0800287c                DMA_Init
 .text.DMA_Cmd  0x0800292c       0x38 Libraries\STM32F4xx_StdPeriph_Driver\src\stm32f4xx_dma.o
                0x0800292c                DMA_Cmd
 .text.DMA_GetCmdStatus
                0x08002964       0x30 Libraries\STM32F4xx_StdPeriph_Driver\src\stm32f4xx_dma.o
                0x08002964                DMA_GetCmdStatus
 .text.DMA_GetFlagStatus
                0x08002994       0x78 Libraries\STM32F4xx_StdPeriph_Driver\src\stm32f4xx_dma.o
                0x08002994                DMA_GetFlagStatus
 .text.DMA_ClearFlag
                0x08002a0c       0x5c Libraries\STM32F4xx_StdPeriph_Driver\src\stm32f4xx_dma.o
                0x08002a0c                DMA_ClearFlag
 .text.SPI_I2S_SendData
                0x08002a68       0x1e Libraries\STM32F4xx_StdPeriph_Driver\src\stm32f4xx_spi.o
                0x08002a68                SPI_I2S_SendData
 .text.SPI_I2S_GetFlagStatus
                0x08002a86       0x38 Libraries\STM32F4xx_StdPeriph_Driver\src\stm32f4xx_spi.o
                0x08002a86                SPI_I2S_GetFlagStatus
 *fill*         0x08002abe        0x2 
 .text.Audio_MAL_IRQHandler
                0x08002ac0      0x100 Utilities\STM32F4-Discovery\stm32f4_discovery_audio_codec.o
 .text.DMA1_Stream7_IRQHandler
                0x08002bc0        0xc Utilities\STM32F4-Discovery\stm32f4_discovery_audio_codec.o
                0x08002bc0                DMA1_Stream7_IRQHandler
 .text.DMA1_Stream0_IRQHandler
                0x08002bcc        0xc Utilities\STM32F4-Discovery\stm32f4_discovery_audio_codec.o
                0x08002bcc                DMA1_Stream0_IRQHandler
 .text.SPI3_IRQHandler
                0x08002bd8       0x44 Utilities\STM32F4-Discovery\stm32f4_discovery_audio_codec.o
                0x08002bd8                SPI3_IRQHandler
 .text.EVAL_AUDIO_TransferComplete_CallBack
                0x08002c1c       0x16 src\STM32F4-Discovery_callback.o
                0x08002c1c                EVAL_AUDIO_TransferComplete_CallBack
 .text.EVAL_AUDIO_GetSampleCallBack
                0x08002c32       0x10 src\STM32F4-Discovery_callback.o
                0x08002c32                EVAL_AUDIO_GetSampleCallBack
 *fill*         0x08002c42        0x2 
 .text.NVIC_SetPriorityGrouping
                0x08002c44       0x48 src\main.o
 .text.main     0x08002c8c       0xf8 src\main.o
                0x08002c8c                main
 .text.vExampleTimerCallback
                0x08002d84       0x24 src\main.o
 .text.prvQueueSendTask
                0x08002da8       0x38 src\main.o
 .text.prvQueueReceiveTask
                0x08002de0       0x34 src\main.o
 .text.prvEventSemaphoreTask
                0x08002e14       0x2c src\main.o
 .text.vApplicationTickHook
                0x08002e40       0x44 src\main.o
                0x08002e40                vApplicationTickHook
 .text.vApplicationMallocFailedHook
                0x08002e84        0x6 src\main.o
                0x08002e84                vApplicationMallocFailedHook
 .text.vApplicationStackOverflowHook
                0x08002e8a        0xc src\main.o
                0x08002e8a                vApplicationStackOverflowHook
 .text.vApplicationIdleHook
                0x08002e96       0x18 src\main.o
                0x08002e96                vApplicationIdleHook
 .text.prvSetupHardware
                0x08002eae        0xe src\main.o
 .text.Reset_Handler
                0x08002ebc       0x48 src\startup_stm32f4xx.o
                0x08002ebc                Reset_Handler
 .text.Default_Handler
                0x08002f04        0x2 src\startup_stm32f4xx.o
                0x08002f04                RTC_Alarm_IRQHandler
                0x08002f04                HASH_RNG_IRQHandler
                0x08002f04                EXTI2_IRQHandler
                0x08002f04                TIM8_CC_IRQHandler
                0x08002f04                TIM1_CC_IRQHandler
                0x08002f04                DMA2_Stream5_IRQHandler
                0x08002f04                DMA1_Stream5_IRQHandler
                0x08002f04                PVD_IRQHandler
                0x08002f04                SDIO_IRQHandler
                0x08002f04                TAMP_STAMP_IRQHandler
                0x08002f04                CAN2_RX1_IRQHandler
                0x08002f04                EXTI3_IRQHandler
                0x08002f04                TIM8_TRG_COM_TIM14_IRQHandler
                0x08002f04                TIM1_UP_TIM10_IRQHandler
                0x08002f04                TIM8_UP_TIM13_IRQHandler
                0x08002f04                I2C3_ER_IRQHandler
                0x08002f04                EXTI0_IRQHandler
                0x08002f04                I2C2_EV_IRQHandler
                0x08002f04                DMA1_Stream2_IRQHandler
                0x08002f04                CAN1_RX0_IRQHandler
                0x08002f04                FPU_IRQHandler
                0x08002f04                OTG_HS_WKUP_IRQHandler
                0x08002f04                CAN2_SCE_IRQHandler
                0x08002f04                DMA2_Stream2_IRQHandler
                0x08002f04                SPI1_IRQHandler
                0x08002f04                TIM6_DAC_IRQHandler
                0x08002f04                TIM1_BRK_TIM9_IRQHandler
                0x08002f04                DCMI_IRQHandler
                0x08002f04                CAN2_RX0_IRQHandler
                0x08002f04                DMA2_Stream3_IRQHandler
                0x08002f04                USART6_IRQHandler
                0x08002f04                USART3_IRQHandler
                0x08002f04                CRYP_IRQHandler
                0x08002f04                CAN1_RX1_IRQHandler
                0x08002f04                UART5_IRQHandler
                0x08002f04                DMA2_Stream0_IRQHandler
                0x08002f04                TIM4_IRQHandler
                0x08002f04                I2C1_EV_IRQHandler
                0x08002f04                DMA1_Stream6_IRQHandler
                0x08002f04                DMA1_Stream1_IRQHandler
                0x08002f04                UART4_IRQHandler
                0x08002f04                TIM3_IRQHandler
                0x08002f04                RCC_IRQHandler
                0x08002f04                TIM8_BRK_TIM12_IRQHandler
                0x08002f04                Default_Handler
                0x08002f04                EXTI15_10_IRQHandler
                0x08002f04                ADC_IRQHandler
                0x08002f04                TIM7_IRQHandler
                0x08002f04                CAN2_TX_IRQHandler
                0x08002f04                TIM5_IRQHandler
                0x08002f04                DMA2_Stream7_IRQHandler
                0x08002f04                I2C3_EV_IRQHandler
                0x08002f04                EXTI9_5_IRQHandler
                0x08002f04                RTC_WKUP_IRQHandler
                0x08002f04                ETH_WKUP_IRQHandler
                0x08002f04                SPI2_IRQHandler
                0x08002f04                OTG_HS_EP1_IN_IRQHandler
                0x08002f04                CAN1_TX_IRQHandler
                0x08002f04                EXTI4_IRQHandler
                0x08002f04                FSMC_IRQHandler
                0x08002f04                ETH_IRQHandler
                0x08002f04                OTG_HS_EP1_OUT_IRQHandler
                0x08002f04                WWDG_IRQHandler
                0x08002f04                TIM2_IRQHandler
                0x08002f04                OTG_FS_WKUP_IRQHandler
                0x08002f04                TIM1_TRG_COM_TIM11_IRQHandler
                0x08002f04                OTG_HS_IRQHandler
                0x08002f04                EXTI1_IRQHandler
                0x08002f04                USART2_IRQHandler
                0x08002f04                I2C2_ER_IRQHandler
                0x08002f04                DMA2_Stream1_IRQHandler
                0x08002f04                CAN1_SCE_IRQHandler
                0x08002f04                FLASH_IRQHandler
                0x08002f04                DMA2_Stream4_IRQHandler
                0x08002f04                USART1_IRQHandler
                0x08002f04                OTG_FS_IRQHandler
                0x08002f04                DMA1_Stream4_IRQHandler
                0x08002f04                I2C1_ER_IRQHandler
                0x08002f04                DMA2_Stream6_IRQHandler
                0x08002f04                DMA1_Stream3_IRQHandler
 .text.NMI_Handler
                0x08002f06        0xe src\stm32f4xx_it.o
                0x08002f06                NMI_Handler
 .text.HardFault_Handler
                0x08002f14        0x6 src\stm32f4xx_it.o
                0x08002f14                HardFault_Handler
 .text.MemManage_Handler
                0x08002f1a        0x6 src\stm32f4xx_it.o
                0x08002f1a                MemManage_Handler
 .text.BusFault_Handler
                0x08002f20        0x6 src\stm32f4xx_it.o
                0x08002f20                BusFault_Handler
 .text.UsageFault_Handler
                0x08002f26        0x6 src\stm32f4xx_it.o
                0x08002f26                UsageFault_Handler
 .text.DebugMon_Handler
                0x08002f2c        0xe src\stm32f4xx_it.o
                0x08002f2c                DebugMon_Handler
 *fill*         0x08002f3a        0x2 
 .text.SystemInit
                0x08002f3c       0x6c src\system_stm32f4xx.o
                0x08002f3c                SystemInit
 .text.SetSysClock
                0x08002fa8       0xf8 src\system_stm32f4xx.o
 .text.__libc_init_array
                0x080030a0       0x48 c:/program files (x86)/atollic/truestudio for stm32 9.1.0/armtools/bin/../lib/gcc/arm-atollic-eabi/6.3.1/../../../../arm-atollic-eabi/lib/armv7e-m/softfp\libc_nano.a(lib_a-init.o)
                0x080030a0                __libc_init_array
 .text.memcpy   0x080030e8       0x16 c:/program files (x86)/atollic/truestudio for stm32 9.1.0/armtools/bin/../lib/gcc/arm-atollic-eabi/6.3.1/../../../../arm-atollic-eabi/lib/armv7e-m/softfp\libc_nano.a(lib_a-memcpy-stub.o)
                0x080030e8                memcpy
 .text.memset   0x080030fe       0x10 c:/program files (x86)/atollic/truestudio for stm32 9.1.0/armtools/bin/../lib/gcc/arm-atollic-eabi/6.3.1/../../../../arm-atollic-eabi/lib/armv7e-m/softfp\libc_nano.a(lib_a-memset.o)
                0x080030fe                memset
 *(.rodata)
 *fill*         0x0800310e        0x2 
 .rodata        0x08003110        0x5 FreeRTOS_Source\tasks.o
 *fill*         0x08003115        0x3 
 .rodata        0x08003118        0xd FreeRTOS_Source\timers.o
 *fill*         0x08003125        0x3 
 .rodata        0x08003128       0x31 src\main.o
 *(.rodata*)
 *(.glue_7)
 .glue_7        0x08003159        0x0 linker stubs
 *(.glue_7t)
 .glue_7t       0x08003159        0x0 linker stubs
 *(.eh_frame)
 *fill*         0x08003159        0x3 
 .eh_frame      0x0800315c        0x0 c:/program files (x86)/atollic/truestudio for stm32 9.1.0/armtools/bin/../lib/gcc/arm-atollic-eabi/6.3.1/armv7e-m/softfp/crtbegin.o
 *(.init)
 .init          0x0800315c        0x4 c:/program files (x86)/atollic/truestudio for stm32 9.1.0/armtools/bin/../lib/gcc/arm-atollic-eabi/6.3.1/armv7e-m/softfp/crti.o
                0x0800315c                _init
 .init          0x08003160        0x8 c:/program files (x86)/atollic/truestudio for stm32 9.1.0/armtools/bin/../lib/gcc/arm-atollic-eabi/6.3.1/armv7e-m/softfp/crtn.o
 *(.fini)
 .fini          0x08003168        0x4 c:/program files (x86)/atollic/truestudio for stm32 9.1.0/armtools/bin/../lib/gcc/arm-atollic-eabi/6.3.1/armv7e-m/softfp/crti.o
                0x08003168                _fini
 .fini          0x0800316c        0x8 c:/program files (x86)/atollic/truestudio for stm32 9.1.0/armtools/bin/../lib/gcc/arm-atollic-eabi/6.3.1/armv7e-m/softfp/crtn.o
                0x08003174                . = ALIGN (0x4)
                0x08003174                _etext = .

.vfp11_veneer   0x08003174        0x0
 .vfp11_veneer  0x08003174        0x0 linker stubs

.v4_bx          0x08003174        0x0
 .v4_bx         0x08003174        0x0 linker stubs

.iplt           0x08003174        0x0
 .iplt          0x08003174        0x0 c:/program files (x86)/atollic/truestudio for stm32 9.1.0/armtools/bin/../lib/gcc/arm-atollic-eabi/6.3.1/armv7e-m/softfp/crtbegin.o

.rel.dyn        0x08003174        0x0
 .rel.iplt      0x08003174        0x0 c:/program files (x86)/atollic/truestudio for stm32 9.1.0/armtools/bin/../lib/gcc/arm-atollic-eabi/6.3.1/armv7e-m/softfp/crtbegin.o

.ARM.extab
 *(.ARM.extab* .gnu.linkonce.armextab.*)

.ARM            0x08003174        0x0
                0x08003174                __exidx_start = .
 *(.ARM.exidx*)
                0x08003174                __exidx_end = .

.preinit_array  0x08003174        0x0
                0x08003174                PROVIDE (__preinit_array_start, .)
 *(.preinit_array*)
                0x08003174                PROVIDE (__preinit_array_end, .)

.init_array     0x08003174        0x4
                0x08003174                PROVIDE (__init_array_start, .)
 *(SORT(.init_array.*))
 *(.init_array*)
 .init_array    0x08003174        0x4 c:/program files (x86)/atollic/truestudio for stm32 9.1.0/armtools/bin/../lib/gcc/arm-atollic-eabi/6.3.1/armv7e-m/softfp/crtbegin.o
                0x08003178                PROVIDE (__init_array_end, .)

.fini_array     0x08003178        0x4
                [!provide]                PROVIDE (__fini_array_start, .)
 *(SORT(.fini_array.*))
 *(.fini_array*)
 .fini_array    0x08003178        0x4 c:/program files (x86)/atollic/truestudio for stm32 9.1.0/armtools/bin/../lib/gcc/arm-atollic-eabi/6.3.1/armv7e-m/softfp/crtbegin.o
                [!provide]                PROVIDE (__fini_array_end, .)
                0x0800317c                _sidata = LOADADDR (.data)

.data           0x20000000       0x18 load address 0x0800317c
                0x20000000                . = ALIGN (0x4)
                0x20000000                _sdata = .
 *(.data)
 *(.data*)
 .data.uxCriticalNesting
                0x20000000        0x4 FreeRTOS_Source\portable\GCC\ARM_CM4F\port.o
 .data.AudioRemSize
                0x20000004        0x4 Utilities\STM32F4-Discovery\stm32f4_discovery_audio_codec.o
                0x20000004                AudioRemSize
 .data.CurrAudioInterface
                0x20000008        0x4 Utilities\STM32F4-Discovery\stm32f4_discovery_audio_codec.o
                0x20000008                CurrAudioInterface
 .data.AUDIO_MAL_DMA_STREAM
                0x2000000c        0x4 Utilities\STM32F4-Discovery\stm32f4_discovery_audio_codec.o
                0x2000000c                AUDIO_MAL_DMA_STREAM
 .data.AUDIO_MAL_DMA_FLAG_TC
                0x20000010        0x4 Utilities\STM32F4-Discovery\stm32f4_discovery_audio_codec.o
                0x20000010                AUDIO_MAL_DMA_FLAG_TC
 .data.SystemCoreClock
                0x20000014        0x4 src\system_stm32f4xx.o
                0x20000014                SystemCoreClock
                0x20000018                . = ALIGN (0x4)
                0x20000018                _edata = .
                0x08003194                _siccmram = LOADADDR (.ccmram)

.igot.plt       0x20000018        0x0 load address 0x08003194
 .igot.plt      0x20000018        0x0 c:/program files (x86)/atollic/truestudio for stm32 9.1.0/armtools/bin/../lib/gcc/arm-atollic-eabi/6.3.1/armv7e-m/softfp/crtbegin.o

.ccmram         0x10000000        0x0 load address 0x08003194
                0x10000000                . = ALIGN (0x4)
                0x10000000                _sccmram = .
 *(.ccmram)
 *(.ccmram*)
                0x10000000                . = ALIGN (0x4)
                0x10000000                _eccmram = .
                0x10000000                . = ALIGN (0x4)

.bss            0x20000018     0x1e40
                0x20000018                _sbss = .
                0x20000018                __bss_start__ = _sbss
 *(.bss)
 .bss           0x20000018       0x1c c:/program files (x86)/atollic/truestudio for stm32 9.1.0/armtools/bin/../lib/gcc/arm-atollic-eabi/6.3.1/armv7e-m/softfp/crtbegin.o
 *(.bss*)
 .bss.ucMaxSysCallPriority
                0x20000034        0x1 FreeRTOS_Source\portable\GCC\ARM_CM4F\port.o
 *fill*         0x20000035        0x3 
 .bss.ulMaxPRIGROUPValue
                0x20000038        0x4 FreeRTOS_Source\portable\GCC\ARM_CM4F\port.o
 .bss.ucHeap    0x2000003c     0x1c00 FreeRTOS_Source\portable\MemMang\heap_1.o
 .bss.xNextFreeByte
                0x20001c3c        0x4 FreeRTOS_Source\portable\MemMang\heap_1.o
 .bss.pucAlignedHeap.6221
                0x20001c40        0x4 FreeRTOS_Source\portable\MemMang\heap_1.o
 .bss.pxCurrentTCB
                0x20001c44        0x4 FreeRTOS_Source\tasks.o
                0x20001c44                pxCurrentTCB
 .bss.pxReadyTasksLists
                0x20001c48       0x64 FreeRTOS_Source\tasks.o
 .bss.xDelayedTaskList1
                0x20001cac       0x14 FreeRTOS_Source\tasks.o
 .bss.xDelayedTaskList2
                0x20001cc0       0x14 FreeRTOS_Source\tasks.o
 .bss.pxDelayedTaskList
                0x20001cd4        0x4 FreeRTOS_Source\tasks.o
 .bss.pxOverflowDelayedTaskList
                0x20001cd8        0x4 FreeRTOS_Source\tasks.o
 .bss.xPendingReadyList
                0x20001cdc       0x14 FreeRTOS_Source\tasks.o
 .bss.xTasksWaitingTermination
                0x20001cf0       0x14 FreeRTOS_Source\tasks.o
 .bss.uxDeletedTasksWaitingCleanUp
                0x20001d04        0x4 FreeRTOS_Source\tasks.o
 .bss.xSuspendedTaskList
                0x20001d08       0x14 FreeRTOS_Source\tasks.o
 .bss.uxCurrentNumberOfTasks
                0x20001d1c        0x4 FreeRTOS_Source\tasks.o
 .bss.xTickCount
                0x20001d20        0x4 FreeRTOS_Source\tasks.o
 .bss.uxTopReadyPriority
                0x20001d24        0x4 FreeRTOS_Source\tasks.o
 .bss.xSchedulerRunning
                0x20001d28        0x4 FreeRTOS_Source\tasks.o
 .bss.uxPendedTicks
                0x20001d2c        0x4 FreeRTOS_Source\tasks.o
 .bss.xYieldPending
                0x20001d30        0x4 FreeRTOS_Source\tasks.o
 .bss.xNumOfOverflows
                0x20001d34        0x4 FreeRTOS_Source\tasks.o
 .bss.uxTaskNumber
                0x20001d38        0x4 FreeRTOS_Source\tasks.o
 .bss.xNextTaskUnblockTime
                0x20001d3c        0x4 FreeRTOS_Source\tasks.o
 .bss.xIdleTaskHandle
                0x20001d40        0x4 FreeRTOS_Source\tasks.o
 .bss.uxSchedulerSuspended
                0x20001d44        0x4 FreeRTOS_Source\tasks.o
 .bss.xActiveTimerList1
                0x20001d48       0x14 FreeRTOS_Source\timers.o
 .bss.xActiveTimerList2
                0x20001d5c       0x14 FreeRTOS_Source\timers.o
 .bss.pxCurrentTimerList
                0x20001d70        0x4 FreeRTOS_Source\timers.o
 .bss.pxOverflowTimerList
                0x20001d74        0x4 FreeRTOS_Source\timers.o
 .bss.xTimerQueue
                0x20001d78        0x4 FreeRTOS_Source\timers.o
 .bss.xTimerTaskHandle
                0x20001d7c        0x4 FreeRTOS_Source\timers.o
 .bss.xLastTime.6512
                0x20001d80        0x4 FreeRTOS_Source\timers.o
 .bss.xQueue    0x20001d84        0x4 src\main.o
 .bss.xEventSemaphore
                0x20001d88        0x4 src\main.o
 .bss.ulCountOfTimerCallbackExecutions
                0x20001d8c        0x4 src\main.o
 .bss.ulCountOfItemsReceivedOnQueue
                0x20001d90        0x4 src\main.o
 .bss.ulCountOfReceivedSemaphores
                0x20001d94        0x4 src\main.o
 .bss.ulCount.9032
                0x20001d98        0x4 src\main.o
 *(COMMON)
 COMMON         0x20001d9c       0x40 FreeRTOS_Source\queue.o
                0x20001d9c                xQueueRegistry
 COMMON         0x20001ddc       0x7c Utilities\STM32F4-Discovery\stm32f4_discovery_audio_codec.o
                0x20001ddc                CurrentPos
                0x20001de0                AUDIO_MAL_DMA_InitStructure
                0x20001e1c                DMA_InitStructure
                0x20001e58                . = ALIGN (0x4)
                0x20001e58                _ebss = .
                0x20001e58                __bss_end__ = _ebss

._user_heap_stack
                0x20001e58      0x400
                0x20001e58                . = ALIGN (0x4)
                [!provide]                PROVIDE (end, .)
                [!provide]                PROVIDE (_end, .)
                0x20001e58                . = (. + _Min_Heap_Size)
                0x20002258                . = (. + _Min_Stack_Size)
 *fill*         0x20001e58      0x400 
                0x20002258                . = ALIGN (0x4)

.memory_b1_text
 *(.mb1text)
 *(.mb1text*)
 *(.mb1rodata)
 *(.mb1rodata*)

/DISCARD/
 libc.a(*)
 libm.a(*)
 libgcc.a(*)

.ARM.attributes
                0x00000000       0x2e
 *(.ARM.attributes)
 .ARM.attributes
                0x00000000       0x22 c:/program files (x86)/atollic/truestudio for stm32 9.1.0/armtools/bin/../lib/gcc/arm-atollic-eabi/6.3.1/armv7e-m/softfp/crti.o
 .ARM.attributes
                0x00000022       0x32 c:/program files (x86)/atollic/truestudio for stm32 9.1.0/armtools/bin/../lib/gcc/arm-atollic-eabi/6.3.1/armv7e-m/softfp/crtbegin.o
 .ARM.attributes
                0x00000054       0x37 FreeRTOS_Source\list.o
 .ARM.attributes
                0x0000008b       0x37 FreeRTOS_Source\portable\GCC\ARM_CM4F\port.o
 .ARM.attributes
                0x000000c2       0x37 FreeRTOS_Source\portable\MemMang\heap_1.o
 .ARM.attributes
                0x000000f9       0x37 FreeRTOS_Source\queue.o
 .ARM.attributes
                0x00000130       0x37 FreeRTOS_Source\tasks.o
 .ARM.attributes
                0x00000167       0x37 FreeRTOS_Source\timers.o
 .ARM.attributes
                0x0000019e       0x37 Libraries\STM32F4xx_StdPeriph_Driver\src\stm32f4xx_dac.o
 .ARM.attributes
                0x000001d5       0x37 Libraries\STM32F4xx_StdPeriph_Driver\src\stm32f4xx_dma.o
 .ARM.attributes
                0x0000020c       0x37 Libraries\STM32F4xx_StdPeriph_Driver\src\stm32f4xx_spi.o
 .ARM.attributes
                0x00000243       0x37 Utilities\STM32F4-Discovery\stm32f4_discovery_audio_codec.o
 .ARM.attributes
                0x0000027a       0x37 src\STM32F4-Discovery_callback.o
 .ARM.attributes
                0x000002b1       0x37 src\main.o
 .ARM.attributes
                0x000002e8       0x21 src\startup_stm32f4xx.o
 .ARM.attributes
                0x00000309       0x37 src\stm32f4xx_it.o
 .ARM.attributes
                0x00000340       0x37 src\system_stm32f4xx.o
 .ARM.attributes
                0x00000377       0x32 c:/program files (x86)/atollic/truestudio for stm32 9.1.0/armtools/bin/../lib/gcc/arm-atollic-eabi/6.3.1/../../../../arm-atollic-eabi/lib/armv7e-m/softfp\libc_nano.a(lib_a-init.o)
 .ARM.attributes
                0x000003a9       0x32 c:/program files (x86)/atollic/truestudio for stm32 9.1.0/armtools/bin/../lib/gcc/arm-atollic-eabi/6.3.1/../../../../arm-atollic-eabi/lib/armv7e-m/softfp\libc_nano.a(lib_a-memcpy-stub.o)
 .ARM.attributes
                0x000003db       0x32 c:/program files (x86)/atollic/truestudio for stm32 9.1.0/armtools/bin/../lib/gcc/arm-atollic-eabi/6.3.1/../../../../arm-atollic-eabi/lib/armv7e-m/softfp\libc_nano.a(lib_a-memset.o)
 .ARM.attributes
                0x0000040d       0x22 c:/program files (x86)/atollic/truestudio for stm32 9.1.0/armtools/bin/../lib/gcc/arm-atollic-eabi/6.3.1/armv7e-m/softfp/crtn.o
OUTPUT(STM32F4_Discovery_FreeRTOS_ECE455_Project.elf elf32-littlearm)

.debug_info     0x00000000     0xa234
 .debug_info    0x00000000      0xac3 FreeRTOS_Source\list.o
 .debug_info    0x00000ac3      0x50b FreeRTOS_Source\portable\GCC\ARM_CM4F\port.o
 .debug_info    0x00000fce      0x9e9 FreeRTOS_Source\portable\MemMang\heap_1.o
 .debug_info    0x000019b7     0x1b75 FreeRTOS_Source\queue.o
 .debug_info    0x0000352c     0x2255 FreeRTOS_Source\tasks.o
 .debug_info    0x00005781     0x136a FreeRTOS_Source\timers.o
 .debug_info    0x00006aeb      0x654 Libraries\STM32F4xx_StdPeriph_Driver\src\stm32f4xx_dac.o
 .debug_info    0x0000713f      0x74c Libraries\STM32F4xx_StdPeriph_Driver\src\stm32f4xx_dma.o
 .debug_info    0x0000788b      0xb1a Libraries\STM32F4xx_StdPeriph_Driver\src\stm32f4xx_spi.o
 .debug_info    0x000083a5     0x108b Utilities\STM32F4-Discovery\stm32f4_discovery_audio_codec.o
 .debug_info    0x00009430      0x12d src\STM32F4-Discovery_callback.o
 .debug_info    0x0000955d      0x52b src\main.o
 .debug_info    0x00009a88       0xbb src\startup_stm32f4xx.o
 .debug_info    0x00009b43      0x121 src\stm32f4xx_it.o
 .debug_info    0x00009c64      0x5d0 src\system_stm32f4xx.o

.debug_abbrev   0x00000000     0x19bd
 .debug_abbrev  0x00000000      0x1c5 FreeRTOS_Source\list.o
 .debug_abbrev  0x000001c5      0x1d5 FreeRTOS_Source\portable\GCC\ARM_CM4F\port.o
 .debug_abbrev  0x0000039a      0x245 FreeRTOS_Source\portable\MemMang\heap_1.o
 .debug_abbrev  0x000005df      0x2d4 FreeRTOS_Source\queue.o
 .debug_abbrev  0x000008b3      0x362 FreeRTOS_Source\tasks.o
 .debug_abbrev  0x00000c15      0x288 FreeRTOS_Source\timers.o
 .debug_abbrev  0x00000e9d      0x191 Libraries\STM32F4xx_StdPeriph_Driver\src\stm32f4xx_dac.o
 .debug_abbrev  0x0000102e      0x168 Libraries\STM32F4xx_StdPeriph_Driver\src\stm32f4xx_dma.o
 .debug_abbrev  0x00001196      0x17a Libraries\STM32F4xx_StdPeriph_Driver\src\stm32f4xx_spi.o
 .debug_abbrev  0x00001310      0x276 Utilities\STM32F4-Discovery\stm32f4_discovery_audio_codec.o
 .debug_abbrev  0x00001586       0xa3 src\STM32F4-Discovery_callback.o
 .debug_abbrev  0x00001629      0x1b2 src\main.o
 .debug_abbrev  0x000017db       0x12 src\startup_stm32f4xx.o
 .debug_abbrev  0x000017ed       0x78 src\stm32f4xx_it.o
 .debug_abbrev  0x00001865      0x158 src\system_stm32f4xx.o

.debug_aranges  0x00000000      0x8f0
 .debug_aranges
                0x00000000       0x40 FreeRTOS_Source\list.o
 .debug_aranges
                0x00000040       0x80 FreeRTOS_Source\portable\GCC\ARM_CM4F\port.o
 .debug_aranges
                0x000000c0       0x38 FreeRTOS_Source\portable\MemMang\heap_1.o
 .debug_aranges
                0x000000f8      0x100 FreeRTOS_Source\queue.o
 .debug_aranges
                0x000001f8      0x1a0 FreeRTOS_Source\tasks.o
 .debug_aranges
                0x00000398       0xb8 FreeRTOS_Source\timers.o
 .debug_aranges
                0x00000450       0xa0 Libraries\STM32F4xx_StdPeriph_Driver\src\stm32f4xx_dac.o
 .debug_aranges
                0x000004f0       0xb0 Libraries\STM32F4xx_StdPeriph_Driver\src\stm32f4xx_dma.o
 .debug_aranges
                0x000005a0       0xe0 Libraries\STM32F4xx_StdPeriph_Driver\src\stm32f4xx_spi.o
 .debug_aranges
                0x00000680      0x130 Utilities\STM32F4-Discovery\stm32f4_discovery_audio_codec.o
 .debug_aranges
                0x000007b0       0x30 src\STM32F4-Discovery_callback.o
 .debug_aranges
                0x000007e0       0x70 src\main.o
 .debug_aranges
                0x00000850       0x28 src\startup_stm32f4xx.o
 .debug_aranges
                0x00000878       0x48 src\stm32f4xx_it.o
 .debug_aranges
                0x000008c0       0x30 src\system_stm32f4xx.o

.debug_ranges   0x00000000      0x808
 .debug_ranges  0x00000000       0x30 FreeRTOS_Source\list.o
 .debug_ranges  0x00000030       0x70 FreeRTOS_Source\portable\GCC\ARM_CM4F\port.o
 .debug_ranges  0x000000a0       0x28 FreeRTOS_Source\portable\MemMang\heap_1.o
 .debug_ranges  0x000000c8       0xf0 FreeRTOS_Source\queue.o
 .debug_ranges  0x000001b8      0x190 FreeRTOS_Source\tasks.o
 .debug_ranges  0x00000348       0xa8 FreeRTOS_Source\timers.o
 .debug_ranges  0x000003f0       0x90 Libraries\STM32F4xx_StdPeriph_Driver\src\stm32f4xx_dac.o
 .debug_ranges  0x00000480       0xa0 Libraries\STM32F4xx_StdPeriph_Driver\src\stm32f4xx_dma.o
 .debug_ranges  0x00000520       0xd0 Libraries\STM32F4xx_StdPeriph_Driver\src\stm32f4xx_spi.o
 .debug_ranges  0x000005f0      0x120 Utilities\STM32F4-Discovery\stm32f4_discovery_audio_codec.o
 .debug_ranges  0x00000710       0x20 src\STM32F4-Discovery_callback.o
 .debug_ranges  0x00000730       0x60 src\main.o
 .debug_ranges  0x00000790       0x20 src\startup_stm32f4xx.o
 .debug_ranges  0x000007b0       0x38 src\stm32f4xx_it.o
 .debug_ranges  0x000007e8       0x20 src\system_stm32f4xx.o

.debug_line     0x00000000     0x44ba
 .debug_line    0x00000000      0x31c FreeRTOS_Source\list.o
 .debug_line    0x0000031c      0x388 FreeRTOS_Source\portable\GCC\ARM_CM4F\port.o
 .debug_line    0x000006a4      0x2f6 FreeRTOS_Source\portable\MemMang\heap_1.o
 .debug_line    0x0000099a      0xa5b FreeRTOS_Source\queue.o
 .debug_line    0x000013f5      0xda2 FreeRTOS_Source\tasks.o
 .debug_line    0x00002197      0x60e FreeRTOS_Source\timers.o
 .debug_line    0x000027a5      0x367 Libraries\STM32F4xx_StdPeriph_Driver\src\stm32f4xx_dac.o
 .debug_line    0x00002b0c      0x43f Libraries\STM32F4xx_StdPeriph_Driver\src\stm32f4xx_dma.o
 .debug_line    0x00002f4b      0x46e Libraries\STM32F4xx_StdPeriph_Driver\src\stm32f4xx_spi.o
 .debug_line    0x000033b9      0x70f Utilities\STM32F4-Discovery\stm32f4_discovery_audio_codec.o
 .debug_line    0x00003ac8      0x1c4 src\STM32F4-Discovery_callback.o
 .debug_line    0x00003c8c      0x3aa src\main.o
 .debug_line    0x00004036       0x77 src\startup_stm32f4xx.o
 .debug_line    0x000040ad      0x1f4 src\stm32f4xx_it.o
 .debug_line    0x000042a1      0x219 src\system_stm32f4xx.o

.debug_str      0x00000000     0x3871
 .debug_str     0x00000000      0x701 FreeRTOS_Source\list.o
                                0x786 (size before relaxing)
 .debug_str     0x00000701      0x26d FreeRTOS_Source\portable\GCC\ARM_CM4F\port.o
                                0x49e (size before relaxing)
 .debug_str     0x0000096e       0xcc FreeRTOS_Source\portable\MemMang\heap_1.o
                                0x72a (size before relaxing)
 .debug_str     0x00000a3a      0x555 FreeRTOS_Source\queue.o
                                0xccc (size before relaxing)
 .debug_str     0x00000f8f      0x9da FreeRTOS_Source\tasks.o
                               0x123a (size before relaxing)
 .debug_str     0x00001969      0x41c FreeRTOS_Source\timers.o
                                0xbc4 (size before relaxing)
 .debug_str     0x00001d85      0x2d7 Libraries\STM32F4xx_StdPeriph_Driver\src\stm32f4xx_dac.o
                                0x51f (size before relaxing)
 .debug_str     0x0000205c      0x37e Libraries\STM32F4xx_StdPeriph_Driver\src\stm32f4xx_dma.o
                                0x60e (size before relaxing)
 .debug_str     0x000023da      0x4a9 Libraries\STM32F4xx_StdPeriph_Driver\src\stm32f4xx_spi.o
                                0x756 (size before relaxing)
 .debug_str     0x00002883      0xc27 Utilities\STM32F4-Discovery\stm32f4_discovery_audio_codec.o
                               0x1130 (size before relaxing)
 .debug_str     0x000034aa       0x84 src\STM32F4-Discovery_callback.o
                                0x2ba (size before relaxing)
 .debug_str     0x0000352e      0x21c src\main.o
                                0x521 (size before relaxing)
 .debug_str     0x0000374a       0x7b src\stm32f4xx_it.o
                                0x290 (size before relaxing)
 .debug_str     0x000037c5       0xac src\system_stm32f4xx.o
                                0x447 (size before relaxing)

.comment        0x00000000       0x7c
 .comment       0x00000000       0x7c FreeRTOS_Source\list.o
                                 0x7d (size before relaxing)
 .comment       0x0000007c       0x7d FreeRTOS_Source\portable\GCC\ARM_CM4F\port.o
 .comment       0x0000007c       0x7d FreeRTOS_Source\portable\MemMang\heap_1.o
 .comment       0x0000007c       0x7d FreeRTOS_Source\queue.o
 .comment       0x0000007c       0x7d FreeRTOS_Source\tasks.o
 .comment       0x0000007c       0x7d FreeRTOS_Source\timers.o
 .comment       0x0000007c       0x7d Libraries\STM32F4xx_StdPeriph_Driver\src\stm32f4xx_dac.o
 .comment       0x0000007c       0x7d Libraries\STM32F4xx_StdPeriph_Driver\src\stm32f4xx_dma.o
 .comment       0x0000007c       0x7d Libraries\STM32F4xx_StdPeriph_Driver\src\stm32f4xx_spi.o
 .comment       0x0000007c       0x7d Utilities\STM32F4-Discovery\stm32f4_discovery_audio_codec.o
 .comment       0x0000007c       0x7d src\STM32F4-Discovery_callback.o
 .comment       0x0000007c       0x7d src\main.o
 .comment       0x0000007c       0x7d src\stm32f4xx_it.o
 .comment       0x0000007c       0x7d src\system_stm32f4xx.o

.debug_frame    0x00000000     0x2334
 .debug_frame   0x00000000       0xd8 FreeRTOS_Source\list.o
 .debug_frame   0x000000d8      0x19c FreeRTOS_Source\portable\GCC\ARM_CM4F\port.o
 .debug_frame   0x00000274       0x9c FreeRTOS_Source\portable\MemMang\heap_1.o
 .debug_frame   0x00000310      0x448 FreeRTOS_Source\queue.o
 .debug_frame   0x00000758      0x700 FreeRTOS_Source\tasks.o
 .debug_frame   0x00000e58      0x2f0 FreeRTOS_Source\timers.o
 .debug_frame   0x00001148      0x2ac Libraries\STM32F4xx_StdPeriph_Driver\src\stm32f4xx_dac.o
 .debug_frame   0x000013f4      0x308 Libraries\STM32F4xx_StdPeriph_Driver\src\stm32f4xx_dma.o
 .debug_frame   0x000016fc      0x3f4 Libraries\STM32F4xx_StdPeriph_Driver\src\stm32f4xx_spi.o
 .debug_frame   0x00001af0      0x4bc Utilities\STM32F4-Discovery\stm32f4_discovery_audio_codec.o
 .debug_frame   0x00001fac       0x70 src\STM32F4-Discovery_callback.o
 .debug_frame   0x0000201c      0x178 src\main.o
 .debug_frame   0x00002194       0xb0 src\stm32f4xx_it.o
 .debug_frame   0x00002244       0x7c src\system_stm32f4xx.o
 .debug_frame   0x000022c0       0x2c c:/program files (x86)/atollic/truestudio for stm32 9.1.0/armtools/bin/../lib/gcc/arm-atollic-eabi/6.3.1/../../../../arm-atollic-eabi/lib/armv7e-m/softfp\libc_nano.a(lib_a-init.o)
 .debug_frame   0x000022ec       0x28 c:/program files (x86)/atollic/truestudio for stm32 9.1.0/armtools/bin/../lib/gcc/arm-atollic-eabi/6.3.1/../../../../arm-atollic-eabi/lib/armv7e-m/softfp\libc_nano.a(lib_a-memcpy-stub.o)
 .debug_frame   0x00002314       0x20 c:/program files (x86)/atollic/truestudio for stm32 9.1.0/armtools/bin/../lib/gcc/arm-atollic-eabi/6.3.1/../../../../arm-atollic-eabi/lib/armv7e-m/softfp\libc_nano.a(lib_a-memset.o)

.stabstr        0x00000000       0x3f
 .stabstr       0x00000000       0x3f c:/program files (x86)/atollic/truestudio for stm32 9.1.0/armtools/bin/../lib/gcc/arm-atollic-eabi/6.3.1/../../../../arm-atollic-eabi/lib/armv7e-m/softfp\libnosys.a(write.o)

Cross Reference Table

Symbol                                            File
ADC_AnalogWatchdogCmd                             Libraries\STM32F4xx_StdPeriph_Driver\src\stm32f4xx_adc.o
ADC_AnalogWatchdogSingleChannelConfig             Libraries\STM32F4xx_StdPeriph_Driver\src\stm32f4xx_adc.o
ADC_AnalogWatchdogThresholdsConfig                Libraries\STM32F4xx_StdPeriph_Driver\src\stm32f4xx_adc.o
ADC_AutoInjectedConvCmd                           Libraries\STM32F4xx_StdPeriph_Driver\src\stm32f4xx_adc.o
ADC_ClearFlag                                     Libraries\STM32F4xx_StdPeriph_Driver\src\stm32f4xx_adc.o
ADC_ClearITPendingBit                             Libraries\STM32F4xx_StdPeriph_Driver\src\stm32f4xx_adc.o
ADC_Cmd                                           Libraries\STM32F4xx_StdPeriph_Driver\src\stm32f4xx_adc.o
ADC_CommonInit                                    Libraries\STM32F4xx_StdPeriph_Driver\src\stm32f4xx_adc.o
ADC_CommonStructInit                              Libraries\STM32F4xx_StdPeriph_Driver\src\stm32f4xx_adc.o
ADC_ContinuousModeCmd                             Libraries\STM32F4xx_StdPeriph_Driver\src\stm32f4xx_adc.o
ADC_DMACmd                                        Libraries\STM32F4xx_StdPeriph_Driver\src\stm32f4xx_adc.o
ADC_DMARequestAfterLastTransferCmd                Libraries\STM32F4xx_StdPeriph_Driver\src\stm32f4xx_adc.o
ADC_DeInit                                        Libraries\STM32F4xx_StdPeriph_Driver\src\stm32f4xx_adc.o
ADC_DiscModeChannelCountConfig                    Libraries\STM32F4xx_StdPeriph_Driver\src\stm32f4xx_adc.o
ADC_DiscModeCmd                                   Libraries\STM32F4xx_StdPeriph_Driver\src\stm32f4xx_adc.o
ADC_EOCOnEachRegularChannelCmd                    Libraries\STM32F4xx_StdPeriph_Driver\src\stm32f4xx_adc.o
ADC_ExternalTrigInjectedConvConfig                Libraries\STM32F4xx_StdPeriph_Driver\src\stm32f4xx_adc.o
ADC_ExternalTrigInjectedConvEdgeConfig            Libraries\STM32F4xx_StdPeriph_Driver\src\stm32f4xx_adc.o
ADC_GetConversionValue                            Libraries\STM32F4xx_StdPeriph_Driver\src\stm32f4xx_adc.o
ADC_GetFlagStatus                                 Libraries\STM32F4xx_StdPeriph_Driver\src\stm32f4xx_adc.o
ADC_GetITStatus                                   Libraries\STM32F4xx_StdPeriph_Driver\src\stm32f4xx_adc.o
ADC_GetInjectedConversionValue                    Libraries\STM32F4xx_StdPeriph_Driver\src\stm32f4xx_adc.o
ADC_GetMultiModeConversionValue                   Libraries\STM32F4xx_StdPeriph_Driver\src\stm32f4xx_adc.o
ADC_GetSoftwareStartConvStatus                    Libraries\STM32F4xx_StdPeriph_Driver\src\stm32f4xx_adc.o
ADC_GetSoftwareStartInjectedConvCmdStatus         Libraries\STM32F4xx_StdPeriph_Driver\src\stm32f4xx_adc.o
ADC_IRQHandler                                    src\startup_stm32f4xx.o
ADC_ITConfig                                      Libraries\STM32F4xx_StdPeriph_Driver\src\stm32f4xx_adc.o
ADC_Init                                          Libraries\STM32F4xx_StdPeriph_Driver\src\stm32f4xx_adc.o
ADC_InjectedChannelConfig                         Libraries\STM32F4xx_StdPeriph_Driver\src\stm32f4xx_adc.o
ADC_InjectedDiscModeCmd                           Libraries\STM32F4xx_StdPeriph_Driver\src\stm32f4xx_adc.o
ADC_InjectedSequencerLengthConfig                 Libraries\STM32F4xx_StdPeriph_Driver\src\stm32f4xx_adc.o
ADC_MultiModeDMARequestAfterLastTransferCmd       Libraries\STM32F4xx_StdPeriph_Driver\src\stm32f4xx_adc.o
ADC_RegularChannelConfig                          Libraries\STM32F4xx_StdPeriph_Driver\src\stm32f4xx_adc.o
ADC_SetInjectedOffset                             Libraries\STM32F4xx_StdPeriph_Driver\src\stm32f4xx_adc.o
ADC_SoftwareStartConv                             Libraries\STM32F4xx_StdPeriph_Driver\src\stm32f4xx_adc.o
ADC_SoftwareStartInjectedConv                     Libraries\STM32F4xx_StdPeriph_Driver\src\stm32f4xx_adc.o
ADC_StructInit                                    Libraries\STM32F4xx_StdPeriph_Driver\src\stm32f4xx_adc.o
ADC_TempSensorVrefintCmd                          Libraries\STM32F4xx_StdPeriph_Driver\src\stm32f4xx_adc.o
ADC_VBATCmd                                       Libraries\STM32F4xx_StdPeriph_Driver\src\stm32f4xx_adc.o
AHBPrescTable                                     src\system_stm32f4xx.o
AUDIO_MAL_DMA_CHANNEL                             Utilities\STM32F4-Discovery\stm32f4_discovery_audio_codec.o
AUDIO_MAL_DMA_CLOCK                               Utilities\STM32F4-Discovery\stm32f4_discovery_audio_codec.o
AUDIO_MAL_DMA_DREG                                Utilities\STM32F4-Discovery\stm32f4_discovery_audio_codec.o
AUDIO_MAL_DMA_FLAG_DME                            Utilities\STM32F4-Discovery\stm32f4_discovery_audio_codec.o
AUDIO_MAL_DMA_FLAG_FE                             Utilities\STM32F4-Discovery\stm32f4_discovery_audio_codec.o
AUDIO_MAL_DMA_FLAG_HT                             Utilities\STM32F4-Discovery\stm32f4_discovery_audio_codec.o
AUDIO_MAL_DMA_FLAG_TC                             Utilities\STM32F4-Discovery\stm32f4_discovery_audio_codec.o
AUDIO_MAL_DMA_FLAG_TE                             Utilities\STM32F4-Discovery\stm32f4_discovery_audio_codec.o
AUDIO_MAL_DMA_IRQ                                 Utilities\STM32F4-Discovery\stm32f4_discovery_audio_codec.o
AUDIO_MAL_DMA_InitStructure                       Utilities\STM32F4-Discovery\stm32f4_discovery_audio_codec.o
AUDIO_MAL_DMA_STREAM                              Utilities\STM32F4-Discovery\stm32f4_discovery_audio_codec.o
AudioRemSize                                      Utilities\STM32F4-Discovery\stm32f4_discovery_audio_codec.o
AudioTotalSize                                    Utilities\STM32F4-Discovery\stm32f4_discovery_audio_codec.o
Audio_MAL_Play                                    Utilities\STM32F4-Discovery\stm32f4_discovery_audio_codec.o
BUTTON_CLK                                        Utilities\STM32F4-Discovery\stm32f4_discovery.o
BUTTON_EXTI_LINE                                  Utilities\STM32F4-Discovery\stm32f4_discovery.o
BUTTON_IRQn                                       Utilities\STM32F4-Discovery\stm32f4_discovery.o
BUTTON_PIN                                        Utilities\STM32F4-Discovery\stm32f4_discovery.o
BUTTON_PIN_SOURCE                                 Utilities\STM32F4-Discovery\stm32f4_discovery.o
BUTTON_PORT                                       Utilities\STM32F4-Discovery\stm32f4_discovery.o
BUTTON_PORT_SOURCE                                Utilities\STM32F4-Discovery\stm32f4_discovery.o
BusFault_Handler                                  src\stm32f4xx_it.o
                                                  src\startup_stm32f4xx.o
CAN1_RX0_IRQHandler                               src\startup_stm32f4xx.o
CAN1_RX1_IRQHandler                               src\startup_stm32f4xx.o
CAN1_SCE_IRQHandler                               src\startup_stm32f4xx.o
CAN1_TX_IRQHandler                                src\startup_stm32f4xx.o
CAN2_RX0_IRQHandler                               src\startup_stm32f4xx.o
CAN2_RX1_IRQHandler                               src\startup_stm32f4xx.o
CAN2_SCE_IRQHandler                               src\startup_stm32f4xx.o
CAN2_TX_IRQHandler                                src\startup_stm32f4xx.o
CAN_CancelTransmit                                Libraries\STM32F4xx_StdPeriph_Driver\src\stm32f4xx_can.o
CAN_ClearFlag                                     Libraries\STM32F4xx_StdPeriph_Driver\src\stm32f4xx_can.o
CAN_ClearITPendingBit                             Libraries\STM32F4xx_StdPeriph_Driver\src\stm32f4xx_can.o
CAN_DBGFreeze                                     Libraries\STM32F4xx_StdPeriph_Driver\src\stm32f4xx_can.o
CAN_DeInit                                        Libraries\STM32F4xx_StdPeriph_Driver\src\stm32f4xx_can.o
CAN_FIFORelease                                   Libraries\STM32F4xx_StdPeriph_Driver\src\stm32f4xx_can.o
CAN_FilterInit                                    Libraries\STM32F4xx_StdPeriph_Driver\src\stm32f4xx_can.o
CAN_GetFlagStatus                                 Libraries\STM32F4xx_StdPeriph_Driver\src\stm32f4xx_can.o
CAN_GetITStatus                                   Libraries\STM32F4xx_StdPeriph_Driver\src\stm32f4xx_can.o
CAN_GetLSBTransmitErrorCounter                    Libraries\STM32F4xx_StdPeriph_Driver\src\stm32f4xx_can.o
CAN_GetLastErrorCode                              Libraries\STM32F4xx_StdPeriph_Driver\src\stm32f4xx_can.o
CAN_GetReceiveErrorCounter                        Libraries\STM32F4xx_StdPeriph_Driver\src\stm32f4xx_can.o
CAN_ITConfig                                      Libraries\STM32F4xx_StdPeriph_Driver\src\stm32f4xx_can.o
CAN_Init                                          Libraries\STM32F4xx_StdPeriph_Driver\src\stm32f4xx_can.o
CAN_MessagePending                                Libraries\STM32F4xx_StdPeriph_Driver\src\stm32f4xx_can.o
CAN_OperatingModeRequest                          Libraries\STM32F4xx_StdPeriph_Driver\src\stm32f4xx_can.o
CAN_Receive                                       Libraries\STM32F4xx_StdPeriph_Driver\src\stm32f4xx_can.o
CAN_SlaveStartBank                                Libraries\STM32F4xx_StdPeriph_Driver\src\stm32f4xx_can.o
CAN_Sleep                                         Libraries\STM32F4xx_StdPeriph_Driver\src\stm32f4xx_can.o
CAN_StructInit                                    Libraries\STM32F4xx_StdPeriph_Driver\src\stm32f4xx_can.o
CAN_TTComModeCmd                                  Libraries\STM32F4xx_StdPeriph_Driver\src\stm32f4xx_can.o
CAN_Transmit                                      Libraries\STM32F4xx_StdPeriph_Driver\src\stm32f4xx_can.o
CAN_TransmitStatus                                Libraries\STM32F4xx_StdPeriph_Driver\src\stm32f4xx_can.o
CAN_WakeUp                                        Libraries\STM32F4xx_StdPeriph_Driver\src\stm32f4xx_can.o
CODECTimeout                                      Utilities\STM32F4-Discovery\stm32f4_discovery_audio_codec.o
CRC_CalcBlockCRC                                  Libraries\STM32F4xx_StdPeriph_Driver\src\stm32f4xx_crc.o
CRC_CalcCRC                                       Libraries\STM32F4xx_StdPeriph_Driver\src\stm32f4xx_crc.o
CRC_GetCRC                                        Libraries\STM32F4xx_StdPeriph_Driver\src\stm32f4xx_crc.o
CRC_GetIDRegister                                 Libraries\STM32F4xx_StdPeriph_Driver\src\stm32f4xx_crc.o
CRC_ResetDR                                       Libraries\STM32F4xx_StdPeriph_Driver\src\stm32f4xx_crc.o
CRC_SetIDRegister                                 Libraries\STM32F4xx_StdPeriph_Driver\src\stm32f4xx_crc.o
CRYP_AES_CBC                                      Libraries\STM32F4xx_StdPeriph_Driver\src\stm32f4xx_cryp_aes.o
CRYP_AES_CTR                                      Libraries\STM32F4xx_StdPeriph_Driver\src\stm32f4xx_cryp_aes.o
CRYP_AES_ECB                                      Libraries\STM32F4xx_StdPeriph_Driver\src\stm32f4xx_cryp_aes.o
CRYP_Cmd                                          Libraries\STM32F4xx_StdPeriph_Driver\src\stm32f4xx_cryp.o
                                                  Libraries\STM32F4xx_StdPeriph_Driver\src\stm32f4xx_cryp_tdes.o
                                                  Libraries\STM32F4xx_StdPeriph_Driver\src\stm32f4xx_cryp_des.o
                                                  Libraries\STM32F4xx_StdPeriph_Driver\src\stm32f4xx_cryp_aes.o
CRYP_DES_CBC                                      Libraries\STM32F4xx_StdPeriph_Driver\src\stm32f4xx_cryp_des.o
CRYP_DES_ECB                                      Libraries\STM32F4xx_StdPeriph_Driver\src\stm32f4xx_cryp_des.o
CRYP_DMACmd                                       Libraries\STM32F4xx_StdPeriph_Driver\src\stm32f4xx_cryp.o
CRYP_DataIn                                       Libraries\STM32F4xx_StdPeriph_Driver\src\stm32f4xx_cryp.o
                                                  Libraries\STM32F4xx_StdPeriph_Driver\src\stm32f4xx_cryp_tdes.o
                                                  Libraries\STM32F4xx_StdPeriph_Driver\src\stm32f4xx_cryp_des.o
                                                  Libraries\STM32F4xx_StdPeriph_Driver\src\stm32f4xx_cryp_aes.o
CRYP_DataOut                                      Libraries\STM32F4xx_StdPeriph_Driver\src\stm32f4xx_cryp.o
                                                  Libraries\STM32F4xx_StdPeriph_Driver\src\stm32f4xx_cryp_tdes.o
                                                  Libraries\STM32F4xx_StdPeriph_Driver\src\stm32f4xx_cryp_des.o
                                                  Libraries\STM32F4xx_StdPeriph_Driver\src\stm32f4xx_cryp_aes.o
CRYP_DeInit                                       Libraries\STM32F4xx_StdPeriph_Driver\src\stm32f4xx_cryp.o
CRYP_FIFOFlush                                    Libraries\STM32F4xx_StdPeriph_Driver\src\stm32f4xx_cryp.o
                                                  Libraries\STM32F4xx_StdPeriph_Driver\src\stm32f4xx_cryp_tdes.o
                                                  Libraries\STM32F4xx_StdPeriph_Driver\src\stm32f4xx_cryp_des.o
                                                  Libraries\STM32F4xx_StdPeriph_Driver\src\stm32f4xx_cryp_aes.o
CRYP_GetFlagStatus                                Libraries\STM32F4xx_StdPeriph_Driver\src\stm32f4xx_cryp.o
                                                  Libraries\STM32F4xx_StdPeriph_Driver\src\stm32f4xx_cryp_tdes.o
                                                  Libraries\STM32F4xx_StdPeriph_Driver\src\stm32f4xx_cryp_des.o
                                                  Libraries\STM32F4xx_StdPeriph_Driver\src\stm32f4xx_cryp_aes.o
CRYP_GetITStatus                                  Libraries\STM32F4xx_StdPeriph_Driver\src\stm32f4xx_cryp.o
CRYP_IRQHandler                                   src\startup_stm32f4xx.o
CRYP_ITConfig                                     Libraries\STM32F4xx_StdPeriph_Driver\src\stm32f4xx_cryp.o
CRYP_IVInit                                       Libraries\STM32F4xx_StdPeriph_Driver\src\stm32f4xx_cryp.o
                                                  Libraries\STM32F4xx_StdPeriph_Driver\src\stm32f4xx_cryp_tdes.o
                                                  Libraries\STM32F4xx_StdPeriph_Driver\src\stm32f4xx_cryp_des.o
                                                  Libraries\STM32F4xx_StdPeriph_Driver\src\stm32f4xx_cryp_aes.o
CRYP_IVStructInit                                 Libraries\STM32F4xx_StdPeriph_Driver\src\stm32f4xx_cryp.o
CRYP_Init                                         Libraries\STM32F4xx_StdPeriph_Driver\src\stm32f4xx_cryp.o
                                                  Libraries\STM32F4xx_StdPeriph_Driver\src\stm32f4xx_cryp_tdes.o
                                                  Libraries\STM32F4xx_StdPeriph_Driver\src\stm32f4xx_cryp_des.o
                                                  Libraries\STM32F4xx_StdPeriph_Driver\src\stm32f4xx_cryp_aes.o
CRYP_KeyInit                                      Libraries\STM32F4xx_StdPeriph_Driver\src\stm32f4xx_cryp.o
                                                  Libraries\STM32F4xx_StdPeriph_Driver\src\stm32f4xx_cryp_tdes.o
                                                  Libraries\STM32F4xx_StdPeriph_Driver\src\stm32f4xx_cryp_des.o
                                                  Libraries\STM32F4xx_StdPeriph_Driver\src\stm32f4xx_cryp_aes.o
CRYP_KeyStructInit                                Libraries\STM32F4xx_StdPeriph_Driver\src\stm32f4xx_cryp.o
                                                  Libraries\STM32F4xx_StdPeriph_Driver\src\stm32f4xx_cryp_tdes.o
                                                  Libraries\STM32F4xx_StdPeriph_Driver\src\stm32f4xx_cryp_des.o
                                                  Libraries\STM32F4xx_StdPeriph_Driver\src\stm32f4xx_cryp_aes.o
CRYP_RestoreContext                               Libraries\STM32F4xx_StdPeriph_Driver\src\stm32f4xx_cryp.o
CRYP_SaveContext                                  Libraries\STM32F4xx_StdPeriph_Driver\src\stm32f4xx_cryp.o
CRYP_StructInit                                   Libraries\STM32F4xx_StdPeriph_Driver\src\stm32f4xx_cryp.o
CRYP_TDES_CBC                                     Libraries\STM32F4xx_StdPeriph_Driver\src\stm32f4xx_cryp_tdes.o
CRYP_TDES_ECB                                     Libraries\STM32F4xx_StdPeriph_Driver\src\stm32f4xx_cryp_tdes.o
Codec_TIMEOUT_UserCallback                        Utilities\STM32F4-Discovery\stm32f4_discovery_audio_codec.o
CurrAudioInterface                                Utilities\STM32F4-Discovery\stm32f4_discovery_audio_codec.o
CurrentPos                                        Utilities\STM32F4-Discovery\stm32f4_discovery_audio_codec.o
DAC_ClearFlag                                     Libraries\STM32F4xx_StdPeriph_Driver\src\stm32f4xx_dac.o
DAC_ClearITPendingBit                             Libraries\STM32F4xx_StdPeriph_Driver\src\stm32f4xx_dac.o
DAC_Cmd                                           Libraries\STM32F4xx_StdPeriph_Driver\src\stm32f4xx_dac.o
                                                  Utilities\STM32F4-Discovery\stm32f4_discovery_audio_codec.o
DAC_Config                                        Utilities\STM32F4-Discovery\stm32f4_discovery_audio_codec.o
DAC_DMACmd                                        Libraries\STM32F4xx_StdPeriph_Driver\src\stm32f4xx_dac.o
DAC_DeInit                                        Libraries\STM32F4xx_StdPeriph_Driver\src\stm32f4xx_dac.o
DAC_DualSoftwareTriggerCmd                        Libraries\STM32F4xx_StdPeriph_Driver\src\stm32f4xx_dac.o
DAC_GetDataOutputValue                            Libraries\STM32F4xx_StdPeriph_Driver\src\stm32f4xx_dac.o
DAC_GetFlagStatus                                 Libraries\STM32F4xx_StdPeriph_Driver\src\stm32f4xx_dac.o
DAC_GetITStatus                                   Libraries\STM32F4xx_StdPeriph_Driver\src\stm32f4xx_dac.o
DAC_ITConfig                                      Libraries\STM32F4xx_StdPeriph_Driver\src\stm32f4xx_dac.o
DAC_Init                                          Libraries\STM32F4xx_StdPeriph_Driver\src\stm32f4xx_dac.o
                                                  Utilities\STM32F4-Discovery\stm32f4_discovery_audio_codec.o
DAC_SetChannel1Data                               Libraries\STM32F4xx_StdPeriph_Driver\src\stm32f4xx_dac.o
                                                  Utilities\STM32F4-Discovery\stm32f4_discovery_audio_codec.o
DAC_SetChannel2Data                               Libraries\STM32F4xx_StdPeriph_Driver\src\stm32f4xx_dac.o
DAC_SetDualChannelData                            Libraries\STM32F4xx_StdPeriph_Driver\src\stm32f4xx_dac.o
DAC_SoftwareTriggerCmd                            Libraries\STM32F4xx_StdPeriph_Driver\src\stm32f4xx_dac.o
DAC_StructInit                                    Libraries\STM32F4xx_StdPeriph_Driver\src\stm32f4xx_dac.o
DAC_WaveGenerationCmd                             Libraries\STM32F4xx_StdPeriph_Driver\src\stm32f4xx_dac.o
DBGMCU_APB1PeriphConfig                           Libraries\STM32F4xx_StdPeriph_Driver\src\stm32f4xx_dbgmcu.o
DBGMCU_APB2PeriphConfig                           Libraries\STM32F4xx_StdPeriph_Driver\src\stm32f4xx_dbgmcu.o
DBGMCU_Config                                     Libraries\STM32F4xx_StdPeriph_Driver\src\stm32f4xx_dbgmcu.o
DBGMCU_GetDEVID                                   Libraries\STM32F4xx_StdPeriph_Driver\src\stm32f4xx_dbgmcu.o
DBGMCU_GetREVID                                   Libraries\STM32F4xx_StdPeriph_Driver\src\stm32f4xx_dbgmcu.o
DCMI_CROPCmd                                      Libraries\STM32F4xx_StdPeriph_Driver\src\stm32f4xx_dcmi.o
DCMI_CROPConfig                                   Libraries\STM32F4xx_StdPeriph_Driver\src\stm32f4xx_dcmi.o
DCMI_CaptureCmd                                   Libraries\STM32F4xx_StdPeriph_Driver\src\stm32f4xx_dcmi.o
DCMI_ClearFlag                                    Libraries\STM32F4xx_StdPeriph_Driver\src\stm32f4xx_dcmi.o
DCMI_ClearITPendingBit                            Libraries\STM32F4xx_StdPeriph_Driver\src\stm32f4xx_dcmi.o
DCMI_Cmd                                          Libraries\STM32F4xx_StdPeriph_Driver\src\stm32f4xx_dcmi.o
DCMI_DeInit                                       Libraries\STM32F4xx_StdPeriph_Driver\src\stm32f4xx_dcmi.o
DCMI_GetFlagStatus                                Libraries\STM32F4xx_StdPeriph_Driver\src\stm32f4xx_dcmi.o
DCMI_GetITStatus                                  Libraries\STM32F4xx_StdPeriph_Driver\src\stm32f4xx_dcmi.o
DCMI_IRQHandler                                   src\startup_stm32f4xx.o
DCMI_ITConfig                                     Libraries\STM32F4xx_StdPeriph_Driver\src\stm32f4xx_dcmi.o
DCMI_Init                                         Libraries\STM32F4xx_StdPeriph_Driver\src\stm32f4xx_dcmi.o
DCMI_JPEGCmd                                      Libraries\STM32F4xx_StdPeriph_Driver\src\stm32f4xx_dcmi.o
DCMI_ReadData                                     Libraries\STM32F4xx_StdPeriph_Driver\src\stm32f4xx_dcmi.o
DCMI_SetEmbeddedSynchroCodes                      Libraries\STM32F4xx_StdPeriph_Driver\src\stm32f4xx_dcmi.o
DCMI_StructInit                                   Libraries\STM32F4xx_StdPeriph_Driver\src\stm32f4xx_dcmi.o
DMA1_Stream0_IRQHandler                           Utilities\STM32F4-Discovery\stm32f4_discovery_audio_codec.o
DMA1_Stream1_IRQHandler                           src\startup_stm32f4xx.o
DMA1_Stream2_IRQHandler                           src\startup_stm32f4xx.o
DMA1_Stream3_IRQHandler                           src\startup_stm32f4xx.o
DMA1_Stream4_IRQHandler                           src\startup_stm32f4xx.o
DMA1_Stream5_IRQHandler                           src\startup_stm32f4xx.o
DMA1_Stream6_IRQHandler                           src\startup_stm32f4xx.o
DMA1_Stream7_IRQHandler                           Utilities\STM32F4-Discovery\stm32f4_discovery_audio_codec.o
DMA2_Stream0_IRQHandler                           src\startup_stm32f4xx.o
DMA2_Stream1_IRQHandler                           src\startup_stm32f4xx.o
DMA2_Stream2_IRQHandler                           src\startup_stm32f4xx.o
DMA2_Stream3_IRQHandler                           src\startup_stm32f4xx.o
DMA2_Stream4_IRQHandler                           src\startup_stm32f4xx.o
DMA2_Stream5_IRQHandler                           src\startup_stm32f4xx.o
DMA2_Stream6_IRQHandler                           src\startup_stm32f4xx.o
DMA2_Stream7_IRQHandler                           src\startup_stm32f4xx.o
DMA_ClearFlag                                     Libraries\STM32F4xx_StdPeriph_Driver\src\stm32f4xx_dma.o
                                                  Utilities\STM32F4-Discovery\stm32f4_discovery_audio_codec.o
DMA_ClearITPendingBit                             Libraries\STM32F4xx_StdPeriph_Driver\src\stm32f4xx_dma.o
DMA_Cmd                                           Libraries\STM32F4xx_StdPeriph_Driver\src\stm32f4xx_dma.o
                                                  Utilities\STM32F4-Discovery\stm32f4_discovery_audio_codec.o
DMA_DeInit                                        Libraries\STM32F4xx_StdPeriph_Driver\src\stm32f4xx_dma.o
                                                  Utilities\STM32F4-Discovery\stm32f4_discovery_audio_codec.o
DMA_DoubleBufferModeCmd                           Libraries\STM32F4xx_StdPeriph_Driver\src\stm32f4xx_dma.o
DMA_DoubleBufferModeConfig                        Libraries\STM32F4xx_StdPeriph_Driver\src\stm32f4xx_dma.o
DMA_FlowControllerConfig                          Libraries\STM32F4xx_StdPeriph_Driver\src\stm32f4xx_dma.o
DMA_GetCmdStatus                                  Libraries\STM32F4xx_StdPeriph_Driver\src\stm32f4xx_dma.o
                                                  Utilities\STM32F4-Discovery\stm32f4_discovery_audio_codec.o
DMA_GetCurrDataCounter                            Libraries\STM32F4xx_StdPeriph_Driver\src\stm32f4xx_dma.o
DMA_GetCurrentMemoryTarget                        Libraries\STM32F4xx_StdPeriph_Driver\src\stm32f4xx_dma.o
DMA_GetFIFOStatus                                 Libraries\STM32F4xx_StdPeriph_Driver\src\stm32f4xx_dma.o
DMA_GetFlagStatus                                 Libraries\STM32F4xx_StdPeriph_Driver\src\stm32f4xx_dma.o
                                                  Utilities\STM32F4-Discovery\stm32f4_discovery_audio_codec.o
DMA_GetITStatus                                   Libraries\STM32F4xx_StdPeriph_Driver\src\stm32f4xx_dma.o
DMA_ITConfig                                      Libraries\STM32F4xx_StdPeriph_Driver\src\stm32f4xx_dma.o
                                                  Utilities\STM32F4-Discovery\stm32f4_discovery_audio_codec.o
DMA_Init                                          Libraries\STM32F4xx_StdPeriph_Driver\src\stm32f4xx_dma.o
                                                  Utilities\STM32F4-Discovery\stm32f4_discovery_audio_codec.o
DMA_InitStructure                                 Utilities\STM32F4-Discovery\stm32f4_discovery_audio_codec.o
DMA_MemoryTargetConfig                            Libraries\STM32F4xx_StdPeriph_Driver\src\stm32f4xx_dma.o
DMA_PeriphIncOffsetSizeConfig                     Libraries\STM32F4xx_StdPeriph_Driver\src\stm32f4xx_dma.o
DMA_SetCurrDataCounter                            Libraries\STM32F4xx_StdPeriph_Driver\src\stm32f4xx_dma.o
DMA_StructInit                                    Libraries\STM32F4xx_StdPeriph_Driver\src\stm32f4xx_dma.o
DebugMon_Handler                                  src\stm32f4xx_it.o
                                                  src\startup_stm32f4xx.o
Default_Handler                                   src\startup_stm32f4xx.o
ETH_IRQHandler                                    src\startup_stm32f4xx.o
ETH_WKUP_IRQHandler                               src\startup_stm32f4xx.o
EVAL_AUDIO_DeInit                                 Utilities\STM32F4-Discovery\stm32f4_discovery_audio_codec.o
EVAL_AUDIO_GetSampleCallBack                      src\STM32F4-Discovery_callback.o
                                                  Utilities\STM32F4-Discovery\stm32f4_discovery_audio_codec.o
EVAL_AUDIO_Init                                   Utilities\STM32F4-Discovery\stm32f4_discovery_audio_codec.o
EVAL_AUDIO_Mute                                   Utilities\STM32F4-Discovery\stm32f4_discovery_audio_codec.o
EVAL_AUDIO_PauseResume                            Utilities\STM32F4-Discovery\stm32f4_discovery_audio_codec.o
EVAL_AUDIO_Play                                   Utilities\STM32F4-Discovery\stm32f4_discovery_audio_codec.o
EVAL_AUDIO_SetAudioInterface                      Utilities\STM32F4-Discovery\stm32f4_discovery_audio_codec.o
EVAL_AUDIO_Stop                                   Utilities\STM32F4-Discovery\stm32f4_discovery_audio_codec.o
EVAL_AUDIO_TransferComplete_CallBack              src\STM32F4-Discovery_callback.o
                                                  Utilities\STM32F4-Discovery\stm32f4_discovery_audio_codec.o
EVAL_AUDIO_VolumeCtl                              Utilities\STM32F4-Discovery\stm32f4_discovery_audio_codec.o
EXTI0_IRQHandler                                  src\startup_stm32f4xx.o
EXTI15_10_IRQHandler                              src\startup_stm32f4xx.o
EXTI1_IRQHandler                                  src\startup_stm32f4xx.o
EXTI2_IRQHandler                                  src\startup_stm32f4xx.o
EXTI3_IRQHandler                                  src\startup_stm32f4xx.o
EXTI4_IRQHandler                                  src\startup_stm32f4xx.o
EXTI9_5_IRQHandler                                src\startup_stm32f4xx.o
EXTI_ClearFlag                                    Libraries\STM32F4xx_StdPeriph_Driver\src\stm32f4xx_exti.o
EXTI_ClearITPendingBit                            Libraries\STM32F4xx_StdPeriph_Driver\src\stm32f4xx_exti.o
EXTI_DeInit                                       Libraries\STM32F4xx_StdPeriph_Driver\src\stm32f4xx_exti.o
EXTI_GenerateSWInterrupt                          Libraries\STM32F4xx_StdPeriph_Driver\src\stm32f4xx_exti.o
EXTI_GetFlagStatus                                Libraries\STM32F4xx_StdPeriph_Driver\src\stm32f4xx_exti.o
EXTI_GetITStatus                                  Libraries\STM32F4xx_StdPeriph_Driver\src\stm32f4xx_exti.o
EXTI_Init                                         Libraries\STM32F4xx_StdPeriph_Driver\src\stm32f4xx_exti.o
                                                  Utilities\STM32F4-Discovery\stm32f4_discovery.o
EXTI_StructInit                                   Libraries\STM32F4xx_StdPeriph_Driver\src\stm32f4xx_exti.o
FLASH_ClearFlag                                   Libraries\STM32F4xx_StdPeriph_Driver\src\stm32f4xx_flash.o
FLASH_DataCacheCmd                                Libraries\STM32F4xx_StdPeriph_Driver\src\stm32f4xx_flash.o
FLASH_DataCacheReset                              Libraries\STM32F4xx_StdPeriph_Driver\src\stm32f4xx_flash.o
FLASH_EraseAllSectors                             Libraries\STM32F4xx_StdPeriph_Driver\src\stm32f4xx_flash.o
FLASH_EraseSector                                 Libraries\STM32F4xx_StdPeriph_Driver\src\stm32f4xx_flash.o
FLASH_GetFlagStatus                               Libraries\STM32F4xx_StdPeriph_Driver\src\stm32f4xx_flash.o
FLASH_GetStatus                                   Libraries\STM32F4xx_StdPeriph_Driver\src\stm32f4xx_flash.o
FLASH_IRQHandler                                  src\startup_stm32f4xx.o
FLASH_ITConfig                                    Libraries\STM32F4xx_StdPeriph_Driver\src\stm32f4xx_flash.o
FLASH_InstructionCacheCmd                         Libraries\STM32F4xx_StdPeriph_Driver\src\stm32f4xx_flash.o
FLASH_InstructionCacheReset                       Libraries\STM32F4xx_StdPeriph_Driver\src\stm32f4xx_flash.o
FLASH_Lock                                        Libraries\STM32F4xx_StdPeriph_Driver\src\stm32f4xx_flash.o
FLASH_OB_BORConfig                                Libraries\STM32F4xx_StdPeriph_Driver\src\stm32f4xx_flash.o
FLASH_OB_GetBOR                                   Libraries\STM32F4xx_StdPeriph_Driver\src\stm32f4xx_flash.o
FLASH_OB_GetRDP                                   Libraries\STM32F4xx_StdPeriph_Driver\src\stm32f4xx_flash.o
FLASH_OB_GetUser                                  Libraries\STM32F4xx_StdPeriph_Driver\src\stm32f4xx_flash.o
FLASH_OB_GetWRP                                   Libraries\STM32F4xx_StdPeriph_Driver\src\stm32f4xx_flash.o
FLASH_OB_Launch                                   Libraries\STM32F4xx_StdPeriph_Driver\src\stm32f4xx_flash.o
FLASH_OB_Lock                                     Libraries\STM32F4xx_StdPeriph_Driver\src\stm32f4xx_flash.o
FLASH_OB_RDPConfig                                Libraries\STM32F4xx_StdPeriph_Driver\src\stm32f4xx_flash.o
FLASH_OB_Unlock                                   Libraries\STM32F4xx_StdPeriph_Driver\src\stm32f4xx_flash.o
FLASH_OB_UserConfig                               Libraries\STM32F4xx_StdPeriph_Driver\src\stm32f4xx_flash.o
FLASH_OB_WRPConfig                                Libraries\STM32F4xx_StdPeriph_Driver\src\stm32f4xx_flash.o
FLASH_PrefetchBufferCmd                           Libraries\STM32F4xx_StdPeriph_Driver\src\stm32f4xx_flash.o
FLASH_ProgramByte                                 Libraries\STM32F4xx_StdPeriph_Driver\src\stm32f4xx_flash.o
FLASH_ProgramDoubleWord                           Libraries\STM32F4xx_StdPeriph_Driver\src\stm32f4xx_flash.o
FLASH_ProgramHalfWord                             Libraries\STM32F4xx_StdPeriph_Driver\src\stm32f4xx_flash.o
FLASH_ProgramWord                                 Libraries\STM32F4xx_StdPeriph_Driver\src\stm32f4xx_flash.o
FLASH_SetLatency                                  Libraries\STM32F4xx_StdPeriph_Driver\src\stm32f4xx_flash.o
FLASH_Unlock                                      Libraries\STM32F4xx_StdPeriph_Driver\src\stm32f4xx_flash.o
FLASH_WaitForLastOperation                        Libraries\STM32F4xx_StdPeriph_Driver\src\stm32f4xx_flash.o
FPU_IRQHandler                                    src\startup_stm32f4xx.o
FSMC_ClearFlag                                    Libraries\STM32F4xx_StdPeriph_Driver\src\stm32f4xx_fsmc.o
FSMC_ClearITPendingBit                            Libraries\STM32F4xx_StdPeriph_Driver\src\stm32f4xx_fsmc.o
FSMC_GetECC                                       Libraries\STM32F4xx_StdPeriph_Driver\src\stm32f4xx_fsmc.o
FSMC_GetFlagStatus                                Libraries\STM32F4xx_StdPeriph_Driver\src\stm32f4xx_fsmc.o
FSMC_GetITStatus                                  Libraries\STM32F4xx_StdPeriph_Driver\src\stm32f4xx_fsmc.o
FSMC_IRQHandler                                   src\startup_stm32f4xx.o
FSMC_ITConfig                                     Libraries\STM32F4xx_StdPeriph_Driver\src\stm32f4xx_fsmc.o
FSMC_NANDCmd                                      Libraries\STM32F4xx_StdPeriph_Driver\src\stm32f4xx_fsmc.o
FSMC_NANDDeInit                                   Libraries\STM32F4xx_StdPeriph_Driver\src\stm32f4xx_fsmc.o
FSMC_NANDECCCmd                                   Libraries\STM32F4xx_StdPeriph_Driver\src\stm32f4xx_fsmc.o
FSMC_NANDInit                                     Libraries\STM32F4xx_StdPeriph_Driver\src\stm32f4xx_fsmc.o
FSMC_NANDStructInit                               Libraries\STM32F4xx_StdPeriph_Driver\src\stm32f4xx_fsmc.o
FSMC_NORSRAMCmd                                   Libraries\STM32F4xx_StdPeriph_Driver\src\stm32f4xx_fsmc.o
FSMC_NORSRAMDeInit                                Libraries\STM32F4xx_StdPeriph_Driver\src\stm32f4xx_fsmc.o
FSMC_NORSRAMInit                                  Libraries\STM32F4xx_StdPeriph_Driver\src\stm32f4xx_fsmc.o
FSMC_NORSRAMStructInit                            Libraries\STM32F4xx_StdPeriph_Driver\src\stm32f4xx_fsmc.o
FSMC_PCCARDCmd                                    Libraries\STM32F4xx_StdPeriph_Driver\src\stm32f4xx_fsmc.o
FSMC_PCCARDDeInit                                 Libraries\STM32F4xx_StdPeriph_Driver\src\stm32f4xx_fsmc.o
FSMC_PCCARDInit                                   Libraries\STM32F4xx_StdPeriph_Driver\src\stm32f4xx_fsmc.o
FSMC_PCCARDStructInit                             Libraries\STM32F4xx_StdPeriph_Driver\src\stm32f4xx_fsmc.o
GPIO_CLK                                          Utilities\STM32F4-Discovery\stm32f4_discovery.o
GPIO_DeInit                                       Libraries\STM32F4xx_StdPeriph_Driver\src\stm32f4xx_gpio.o
GPIO_Init                                         Libraries\STM32F4xx_StdPeriph_Driver\src\stm32f4xx_gpio.o
                                                  Utilities\STM32F4-Discovery\stm32f4_discovery_lis302dl.o
                                                  Utilities\STM32F4-Discovery\stm32f4_discovery_audio_codec.o
                                                  Utilities\STM32F4-Discovery\stm32f4_discovery.o
GPIO_PIN                                          Utilities\STM32F4-Discovery\stm32f4_discovery.o
GPIO_PORT                                         Utilities\STM32F4-Discovery\stm32f4_discovery.o
GPIO_PinAFConfig                                  Libraries\STM32F4xx_StdPeriph_Driver\src\stm32f4xx_gpio.o
                                                  Utilities\STM32F4-Discovery\stm32f4_discovery_lis302dl.o
                                                  Utilities\STM32F4-Discovery\stm32f4_discovery_audio_codec.o
GPIO_PinLockConfig                                Libraries\STM32F4xx_StdPeriph_Driver\src\stm32f4xx_gpio.o
GPIO_ReadInputData                                Libraries\STM32F4xx_StdPeriph_Driver\src\stm32f4xx_gpio.o
GPIO_ReadInputDataBit                             Libraries\STM32F4xx_StdPeriph_Driver\src\stm32f4xx_gpio.o
                                                  Utilities\STM32F4-Discovery\stm32f4_discovery.o
GPIO_ReadOutputData                               Libraries\STM32F4xx_StdPeriph_Driver\src\stm32f4xx_gpio.o
GPIO_ReadOutputDataBit                            Libraries\STM32F4xx_StdPeriph_Driver\src\stm32f4xx_gpio.o
GPIO_ResetBits                                    Libraries\STM32F4xx_StdPeriph_Driver\src\stm32f4xx_gpio.o
                                                  Utilities\STM32F4-Discovery\stm32f4_discovery_lis302dl.o
GPIO_SetBits                                      Libraries\STM32F4xx_StdPeriph_Driver\src\stm32f4xx_gpio.o
                                                  Utilities\STM32F4-Discovery\stm32f4_discovery_lis302dl.o
GPIO_StructInit                                   Libraries\STM32F4xx_StdPeriph_Driver\src\stm32f4xx_gpio.o
GPIO_ToggleBits                                   Libraries\STM32F4xx_StdPeriph_Driver\src\stm32f4xx_gpio.o
GPIO_Write                                        Libraries\STM32F4xx_StdPeriph_Driver\src\stm32f4xx_gpio.o
GPIO_WriteBit                                     Libraries\STM32F4xx_StdPeriph_Driver\src\stm32f4xx_gpio.o
                                                  Utilities\STM32F4-Discovery\stm32f4_discovery_audio_codec.o
HASH_ClearFlag                                    Libraries\STM32F4xx_StdPeriph_Driver\src\stm32f4xx_hash.o
HASH_ClearITPendingBit                            Libraries\STM32F4xx_StdPeriph_Driver\src\stm32f4xx_hash.o
HASH_DMACmd                                       Libraries\STM32F4xx_StdPeriph_Driver\src\stm32f4xx_hash.o
HASH_DataIn                                       Libraries\STM32F4xx_StdPeriph_Driver\src\stm32f4xx_hash.o
                                                  Libraries\STM32F4xx_StdPeriph_Driver\src\stm32f4xx_hash_sha1.o
                                                  Libraries\STM32F4xx_StdPeriph_Driver\src\stm32f4xx_hash_md5.o
HASH_DeInit                                       Libraries\STM32F4xx_StdPeriph_Driver\src\stm32f4xx_hash.o
                                                  Libraries\STM32F4xx_StdPeriph_Driver\src\stm32f4xx_hash_sha1.o
                                                  Libraries\STM32F4xx_StdPeriph_Driver\src\stm32f4xx_hash_md5.o
HASH_GetDigest                                    Libraries\STM32F4xx_StdPeriph_Driver\src\stm32f4xx_hash.o
                                                  Libraries\STM32F4xx_StdPeriph_Driver\src\stm32f4xx_hash_sha1.o
                                                  Libraries\STM32F4xx_StdPeriph_Driver\src\stm32f4xx_hash_md5.o
HASH_GetFlagStatus                                Libraries\STM32F4xx_StdPeriph_Driver\src\stm32f4xx_hash.o
                                                  Libraries\STM32F4xx_StdPeriph_Driver\src\stm32f4xx_hash_sha1.o
                                                  Libraries\STM32F4xx_StdPeriph_Driver\src\stm32f4xx_hash_md5.o
HASH_GetITStatus                                  Libraries\STM32F4xx_StdPeriph_Driver\src\stm32f4xx_hash.o
HASH_GetInFIFOWordsNbr                            Libraries\STM32F4xx_StdPeriph_Driver\src\stm32f4xx_hash.o
HASH_ITConfig                                     Libraries\STM32F4xx_StdPeriph_Driver\src\stm32f4xx_hash.o
HASH_Init                                         Libraries\STM32F4xx_StdPeriph_Driver\src\stm32f4xx_hash.o
                                                  Libraries\STM32F4xx_StdPeriph_Driver\src\stm32f4xx_hash_sha1.o
                                                  Libraries\STM32F4xx_StdPeriph_Driver\src\stm32f4xx_hash_md5.o
HASH_MD5                                          Libraries\STM32F4xx_StdPeriph_Driver\src\stm32f4xx_hash_md5.o
HASH_RNG_IRQHandler                               src\startup_stm32f4xx.o
HASH_Reset                                        Libraries\STM32F4xx_StdPeriph_Driver\src\stm32f4xx_hash.o
HASH_RestoreContext                               Libraries\STM32F4xx_StdPeriph_Driver\src\stm32f4xx_hash.o
HASH_SHA1                                         Libraries\STM32F4xx_StdPeriph_Driver\src\stm32f4xx_hash_sha1.o
HASH_SaveContext                                  Libraries\STM32F4xx_StdPeriph_Driver\src\stm32f4xx_hash.o
HASH_SetLastWordValidBitsNbr                      Libraries\STM32F4xx_StdPeriph_Driver\src\stm32f4xx_hash.o
                                                  Libraries\STM32F4xx_StdPeriph_Driver\src\stm32f4xx_hash_sha1.o
                                                  Libraries\STM32F4xx_StdPeriph_Driver\src\stm32f4xx_hash_md5.o
HASH_StartDigest                                  Libraries\STM32F4xx_StdPeriph_Driver\src\stm32f4xx_hash.o
                                                  Libraries\STM32F4xx_StdPeriph_Driver\src\stm32f4xx_hash_sha1.o
                                                  Libraries\STM32F4xx_StdPeriph_Driver\src\stm32f4xx_hash_md5.o
HASH_StructInit                                   Libraries\STM32F4xx_StdPeriph_Driver\src\stm32f4xx_hash.o
HMAC_MD5                                          Libraries\STM32F4xx_StdPeriph_Driver\src\stm32f4xx_hash_md5.o
HMAC_SHA1                                         Libraries\STM32F4xx_StdPeriph_Driver\src\stm32f4xx_hash_sha1.o
HardFault_Handler                                 src\stm32f4xx_it.o
                                                  src\startup_stm32f4xx.o
I2C1_ER_IRQHandler                                src\startup_stm32f4xx.o
I2C1_EV_IRQHandler                                src\startup_stm32f4xx.o
I2C2_ER_IRQHandler                                src\startup_stm32f4xx.o
I2C2_EV_IRQHandler                                src\startup_stm32f4xx.o
I2C3_ER_IRQHandler                                src\startup_stm32f4xx.o
I2C3_EV_IRQHandler                                src\startup_stm32f4xx.o
I2C_ARPCmd                                        Libraries\STM32F4xx_StdPeriph_Driver\src\stm32f4xx_i2c.o
I2C_AcknowledgeConfig                             Libraries\STM32F4xx_StdPeriph_Driver\src\stm32f4xx_i2c.o
                                                  Utilities\STM32F4-Discovery\stm32f4_discovery_audio_codec.o
I2C_CalculatePEC                                  Libraries\STM32F4xx_StdPeriph_Driver\src\stm32f4xx_i2c.o
I2C_CheckEvent                                    Libraries\STM32F4xx_StdPeriph_Driver\src\stm32f4xx_i2c.o
                                                  Utilities\STM32F4-Discovery\stm32f4_discovery_audio_codec.o
I2C_ClearFlag                                     Libraries\STM32F4xx_StdPeriph_Driver\src\stm32f4xx_i2c.o
                                                  Utilities\STM32F4-Discovery\stm32f4_discovery_audio_codec.o
I2C_ClearITPendingBit                             Libraries\STM32F4xx_StdPeriph_Driver\src\stm32f4xx_i2c.o
I2C_Cmd                                           Libraries\STM32F4xx_StdPeriph_Driver\src\stm32f4xx_i2c.o
                                                  Utilities\STM32F4-Discovery\stm32f4_discovery_audio_codec.o
I2C_DMACmd                                        Libraries\STM32F4xx_StdPeriph_Driver\src\stm32f4xx_i2c.o
I2C_DMALastTransferCmd                            Libraries\STM32F4xx_StdPeriph_Driver\src\stm32f4xx_i2c.o
I2C_DeInit                                        Libraries\STM32F4xx_StdPeriph_Driver\src\stm32f4xx_i2c.o
                                                  Utilities\STM32F4-Discovery\stm32f4_discovery_audio_codec.o
I2C_DualAddressCmd                                Libraries\STM32F4xx_StdPeriph_Driver\src\stm32f4xx_i2c.o
I2C_FastModeDutyCycleConfig                       Libraries\STM32F4xx_StdPeriph_Driver\src\stm32f4xx_i2c.o
I2C_GeneralCallCmd                                Libraries\STM32F4xx_StdPeriph_Driver\src\stm32f4xx_i2c.o
I2C_GenerateSTART                                 Libraries\STM32F4xx_StdPeriph_Driver\src\stm32f4xx_i2c.o
                                                  Utilities\STM32F4-Discovery\stm32f4_discovery_audio_codec.o
I2C_GenerateSTOP                                  Libraries\STM32F4xx_StdPeriph_Driver\src\stm32f4xx_i2c.o
                                                  Utilities\STM32F4-Discovery\stm32f4_discovery_audio_codec.o
I2C_GetFlagStatus                                 Libraries\STM32F4xx_StdPeriph_Driver\src\stm32f4xx_i2c.o
                                                  Utilities\STM32F4-Discovery\stm32f4_discovery_audio_codec.o
I2C_GetITStatus                                   Libraries\STM32F4xx_StdPeriph_Driver\src\stm32f4xx_i2c.o
I2C_GetLastEvent                                  Libraries\STM32F4xx_StdPeriph_Driver\src\stm32f4xx_i2c.o